Component: ARM Compiler 5.06 update 6 (build 750) Tool: armlink [4d35ed]

==============================================================================

Section Cross References

    main.o(i.Hardware_Init) refers to delay.o(i.delay_init) for delay_init
    main.o(i.Hardware_Init) refers to misc.o(i.NVIC_PriorityGroupConfig) for NVIC_PriorityGroupConfig
    main.o(i.Hardware_Init) refers to usart.o(i.Usart1_Init) for Usart1_Init
    main.o(i.Hardware_Init) refers to usart2.o(i.usart2_init) for usart2_init
    main.o(i.Hardware_Init) refers to esp8266.o(i.Usart3_Init) for Usart3_Init
    main.o(i.Hardware_Init) refers to led.o(i.LED_Init) for LED_Init
    main.o(i.Hardware_Init) refers to oled_i2c.o(i.OLED_Init) for OLED_Init
    main.o(i.Hardware_Init) refers to beep.o(i.BEEP_Init) for BEEP_Init
    main.o(i.Hardware_Init) refers to mpu6050.o(i.MPU_Init) for MPU_Init
    main.o(i.Hardware_Init) refers to bsp_ads1115.o(i.ads1115_Init) for ads1115_Init
    main.o(i.Hardware_Init) refers to adc.o(i.Adc_Init) for Adc_Init
    main.o(i.Hardware_Init) refers to time.o(i.Time4_Int_Init) for Time4_Int_Init
    main.o(i.Net_Init) refers to esp8266.o(i.ESP8266_Init) for ESP8266_Init
    main.o(i.Net_Init) refers to delay.o(i.delay_ms) for delay_ms
    main.o(i.Net_Init) refers to onenet.o(i.OneNet_DevLink) for OneNet_DevLink
    main.o(i.TIM3_IRQHandler) refers to stm32f10x_tim.o(i.TIM_GetITStatus) for TIM_GetITStatus
    main.o(i.TIM3_IRQHandler) refers to stm32f10x_tim.o(i.TIM_ClearITPendingBit) for TIM_ClearITPendingBit
    main.o(i.TIM3_IRQHandler) refers to main.o(.data) for txflag
    main.o(i.TIM4_IRQHandler) refers to stm32f10x_tim.o(i.TIM_GetITStatus) for TIM_GetITStatus
    main.o(i.TIM4_IRQHandler) refers to stm32f10x_tim.o(i.TIM_ClearITPendingBit) for TIM_ClearITPendingBit
    main.o(i.TIM4_IRQHandler) refers to adc.o(i.Get_Adc_Average) for Get_Adc_Average
    main.o(i.TIM4_IRQHandler) refers to ffltui.o(.text) for __aeabi_ui2f
    main.o(i.TIM4_IRQHandler) refers to f2d.o(.text) for __aeabi_f2d
    main.o(i.TIM4_IRQHandler) refers to dmul.o(.text) for __aeabi_dmul
    main.o(i.TIM4_IRQHandler) refers to d2f.o(.text) for __aeabi_d2f
    main.o(i.TIM4_IRQHandler) refers to fadd.o(.text) for __aeabi_fadd
    main.o(i.TIM4_IRQHandler) refers to printfa.o(i.__0sprintf) for __2sprintf
    main.o(i.TIM4_IRQHandler) refers to cdrcmple.o(.text) for __aeabi_cdrcmple
    main.o(i.TIM4_IRQHandler) refers to main.o(.data) for adcx2
    main.o(i.TIM4_IRQHandler) refers to usart2.o(.data) for rx_data
    main.o(i.TIM4_IRQHandler) refers to main.o(.bss) for display
    main.o(i.fall) refers to mpu6050.o(i.MPU_Get_Accelerometer) for MPU_Get_Accelerometer
    main.o(i.fall) refers to dflti.o(.text) for __aeabi_i2d
    main.o(i.fall) refers to pow.o(i.pow) for pow
    main.o(i.fall) refers to dadd.o(.text) for __aeabi_dadd
    main.o(i.fall) refers to sqrt.o(i.sqrt) for sqrt
    main.o(i.fall) refers to dfixi.o(.text) for __aeabi_d2iz
    main.o(i.fall) refers to f2d.o(.text) for __aeabi_f2d
    main.o(i.fall) refers to cdrcmple.o(.text) for __aeabi_cdrcmple
    main.o(i.fall) refers to delay.o(i.delay_ms) for delay_ms
    main.o(i.fall) refers to main.o(.data) for aacz
    main.o(i.main) refers to main.o(i.Hardware_Init) for Hardware_Init
    main.o(i.main) refers to oled_i2c.o(i.OLED_Clear) for OLED_Clear
    main.o(i.main) refers to oled_i2c.o(i.OLED_ShowString) for OLED_ShowString
    main.o(i.main) refers to oled_i2c.o(i.OLED_Show_Wellcome) for OLED_Show_Wellcome
    main.o(i.main) refers to delay.o(i.delay_ms) for delay_ms
    main.o(i.main) refers to main.o(i.Net_Init) for Net_Init
    main.o(i.main) refers to inv_mpu.o(i.mpu_dmp_init) for mpu_dmp_init
    main.o(i.main) refers to time.o(i.Time3_Int_Init) for Time3_Int_Init
    main.o(i.main) refers to bsp_ads1115.o(i.GetAds1115Values) for GetAds1115Values
    main.o(i.main) refers to ffltui.o(.text) for __aeabi_ui2f
    main.o(i.main) refers to fmul.o(.text) for __aeabi_fmul
    main.o(i.main) refers to fadd.o(.text) for __aeabi_fadd
    main.o(i.main) refers to oled_i2c.o(i.LCD_DrawCurve) for LCD_DrawCurve
    main.o(i.main) refers to main.o(i.fall) for fall
    main.o(i.main) refers to onenet.o(i.OneNet_SendData) for OneNet_SendData
    main.o(i.main) refers to esp8266.o(i.ESP8266_Clear) for ESP8266_Clear
    main.o(i.main) refers to main.o(.data) for temp2
    main.o(i.main) refers to main.o(.bss) for display
    main.o(i.main) refers to usart2.o(.bss) for ecg_buf
    main.o(i.main) refers to usart2.o(.data) for rx_data
    system_stm32f10x.o(i.SetSysClock) refers to system_stm32f10x.o(i.SetSysClockTo72) for SetSysClockTo72
    system_stm32f10x.o(i.SystemCoreClockUpdate) refers to system_stm32f10x.o(.data) for SystemCoreClock
    system_stm32f10x.o(i.SystemInit) refers to system_stm32f10x.o(i.SetSysClock) for SetSysClock
[...]
    i.set_int_enable                         0x08007520   Section        0  inv_mpu.o(i.set_int_enable)
    set_int_enable                           0x08007521   Thumb Code   138  inv_mpu.o(i.set_int_enable)
    i.sqrt                                   0x080075b0   Section        0  sqrt.o(i.sqrt)
    i.usart2_init                            0x080075fc   Section        0  usart2.o(i.usart2_init)
    i.writeRegister                          0x08007704   Section        0  bsp_ads1115.o(i.writeRegister)
    .constdata                               0x08007758   Section     2072  oled_i2c.o(.constdata)
    .constdata                               0x08007f70   Section       80  inv_mpu.o(.constdata)
    .constdata                               0x08007fc0   Section     3062  inv_mpu_dmp_motion_driver.o(.constdata)
    dmp_memory                               0x08007fc0   Data        3062  inv_mpu_dmp_motion_driver.o(.constdata)
    .constdata                               0x08008bb8   Section      136  pow.o(.constdata)
    bp                                       0x08008bb8   Data          16  pow.o(.constdata)
    dp_h                                     0x08008bc8   Data          16  pow.o(.constdata)
    dp_l                                     0x08008bd8   Data          16  pow.o(.constdata)
    L                                        0x08008be8   Data          48  pow.o(.constdata)
    P                                        0x08008c18   Data          40  pow.o(.constdata)
    .constdata                               0x08008c40   Section        8  qnan.o(.constdata)
    .conststring                             0x08008c48   Section       77  inv_mpu.o(.conststring)
    .data                                    0x20000000   Section       61  main.o(.data)
    cnt                                      0x2000003c   Data           1  main.o(.data)
    .data                                    0x20000040   Section       20  system_stm32f10x.o(.data)
    .data                                    0x20000054   Section        4  delay.o(.data)
    fac_us                                   0x20000054   Data           1  delay.o(.data)
    fac_ms                                   0x20000056   Data           2  delay.o(.data)
    .data                                    0x20000058   Section        6  usart.o(.data)
    .data                                    0x2000005e   Section       20  stm32f10x_rcc.o(.data)
    APBAHBPrescTable                         0x2000005e   Data          16  stm32f10x_rcc.o(.data)
    ADCPrescTable                            0x2000006e   Data           4  stm32f10x_rcc.o(.data)
    .data                                    0x20000074   Section      260  oled_i2c.o(.data)
    k                                        0x20000174   Data           4  oled_i2c.o(.data)
    .data                                    0x20000178   Section        3  bsp_ads1115.o(.data)
    .data                                    0x2000017b   Section        6  usart2.o(.data)
    i                                        0x20000180   Data           1  usart2.o(.data)
    .data                                    0x20000184   Section       53  inv_mpu.o(.data)
    st                                       0x20000184   Data          44  inv_mpu.o(.data)
    gyro_orientation                         0x200001b0   Data           9  inv_mpu.o(.data)
    .data                                    0x200001ba   Section        4  esp8266.o(.data)
    .data                                    0x200001c0   Section        4  mvars.o(.data)
    .data                                    0x200001c4   Section        4  mvars.o(.data)
    .data                                    0x200001c8   Section        4  errno.o(.data)
    _errno                                   0x200001c8   Data           4  errno.o(.data)
    .bss                                     0x200001cc   Section      507  main.o(.bss)
    .bss                                     0x200003c7   Section      200  usart.o(.bss)
    .bss                                     0x2000048f   Section      896  oled_i2c.o(.bss)
    .bss                                     0x20000810   Section      532  usart2.o(.bss)
    .bss                                     0x20000a24   Section       16  inv_mpu_dmp_motion_driver.o(.bss)
    dmp                                      0x20000a24   Data          16  inv_mpu_dmp_motion_driver.o(.bss)
    .bss                                     0x20000a34   Section      128  esp8266.o(.bss)
    HEAP                                     0x20000ab8   Section      512  startup_stm32f10x_md.o(HEAP)
    STACK                                    0x20000cb8   Section     1024  startup_stm32f10x_md.o(STACK)

    Global Symbols

    Symbol Name                              Value     Ov Type        Size  Object(Section)

    BuildAttributes$$THM_ISAv4$P$D$K$B$S$PE$A:L22UL41UL21$X:L11$S22US41US21$IEEE1$IW$USESV6$~STKCKD$USESV7$~SHL$OTIME$ROPI$IEEEX$EBA8$MICROLIB$REQ8$PRES8$EABIv2 0x00000000   Number         0  anon$$obj.o ABSOLUTE
    __ARM_use_no_argv                        0x00000000   Number         0  main.o ABSOLUTE
    __use_no_errno                           0x00000000   Number         0  useno.o ABSOLUTE
    __use_no_exception_handling              0x00000000   Number         0  useno.o ABSOLUTE
    __use_no_fp                              0x00000000   Number         0  useno.o ABSOLUTE
    __use_no_heap                            0x00000000   Number         0  useno.o ABSOLUTE
    __use_no_heap_region                     0x00000000   Number         0  useno.o ABSOLUTE
    __use_no_semihosting                     0x00000000   Number         0  useno.o ABSOLUTE
    __use_no_semihosting_swi                 0x00000000   Number         0  useno.o ABSOLUTE
    __use_no_signal_handling                 0x00000000   Number         0  useno.o ABSOLUTE
    _printf_a                                0x00000000   Number         0  stubs.o ABSOLUTE
    _printf_c                                0x00000000   Number         0  stubs.o ABSOLUTE
    _printf_charcount                        0x00000000   Number         0  stubs.o ABSOLUTE
    _printf_d                                0x00000000   Number         0  stubs.o ABSOLUTE
    _printf_e                                0x00000000   Number         0  stubs.o ABSOLUTE
    _printf_f                                0x00000000   Number         0  stubs.o ABSOLUTE
    _printf_flags                            0x00000000   Number         0  stubs.o ABSOLUTE
    _printf_fp_dec                           0x00000000   Number         0  stubs.o ABSOLUTE
    _printf_fp_hex                           0x00000000   Number         0  stubs.o ABSOLUTE
    _printf_g                                0x00000000   Number         0  stubs.o ABSOLUTE
    _printf_i                                0x00000000   Number         0  stubs.o ABSOLUTE
    _printf_int_dec                          0x00000000   Number         0  stubs.o ABSOLUTE
    _printf_l                                0x00000000   Number         0  stubs.o ABSOLUTE
    _printf_lc                               0x00000000   Number         0  stubs.o ABSOLUTE
    _printf_ll                               0x00000000   Number         0  stubs.o ABSOLUTE
    _printf_lld                              0x00000000   Number         0  stubs.o ABSOLUTE
    _printf_lli                              0x00000000   Number         0  stubs.o ABSOLUTE
    _printf_llo                              0x00000000   Number         0  stubs.o ABSOLUTE
    _printf_llu                              0x00000000   Number         0  stubs.o ABSOLUTE
    _printf_llx                              0x00000000   Number         0  stubs.o ABSOLUTE
    _printf_longlong_dec                     0x00000000   Number         0  stubs.o ABSOLUTE
    _printf_longlong_hex                     0x00000000   Number         0  stubs.o ABSOLUTE
    _printf_longlong_oct                     0x00000000   Number         0  stubs.o ABSOLUTE
    _printf_ls                               0x00000000   Number         0  stubs.o ABSOLUTE
    _printf_mbtowc                           0x00000000   Number         0  stubs.o ABSOLUTE
    _printf_n                                0x00000000   Number         0  stubs.o ABSOLUTE
    _printf_o                                0x00000000   Number         0  stubs.o ABSOLUTE
    _printf_p                                0x00000000   Number         0  stubs.o ABSOLUTE
    _printf_percent                          0x00000000   Number         0  stubs.o ABSOLUTE
    _printf_pre_padding                      0x00000000   Number         0  stubs.o ABSOLUTE
    _printf_return_value                     0x00000000   Number         0  stubs.o ABSOLUTE
    _printf_s                                0x00000000   Number         0  stubs.o ABSOLUTE
    _printf_sizespec                         0x00000000   Number         0  stubs.o ABSOLUTE
    _printf_str                              0x00000000   Number         0  stubs.o ABSOLUTE
    _printf_truncate_signed                  0x00000000   Number         0  stubs.o ABSOLUTE
    _printf_truncate_unsigned                0x00000000   Number         0  stubs.o ABSOLUTE
    _printf_u                                0x00000000   Number         0  stubs.o ABSOLUTE
    _printf_wc                               0x00000000   Number         0  stubs.o ABSOLUTE
    _printf_wctomb                           0x00000000   Number         0  stubs.o ABSOLUTE
    _printf_widthprec                        0x00000000   Number         0  stubs.o ABSOLUTE
    _printf_x                                0x00000000   Number         0  stubs.o ABSOLUTE
    __cpp_initialize__aeabi_                  - Undefined Weak Reference
    __cxa_finalize                            - Undefined Weak Reference
    _clock_init                               - Undefined Weak Reference
    _microlib_exit                            - Undefined Weak Reference
    __Vectors_Size                           0x000000ec   Number         0  startup_stm32f10x_md.o ABSOLUTE
    __Vectors                                0x08000000   Data           4  startup_stm32f10x_md.o(RESET)
    __Vectors_End                            0x080000ec   Data           0  startup_stm32f10x_md.o(RESET)
    __main                                   0x080000ed   Thumb Code     0  entry.o(.ARM.Collect$$$$00000000)
    _main_stk                                0x080000ed   Thumb Code     0  entry2.o(.ARM.Collect$$$$00000001)
    _main_scatterload                        0x080000f1   Thumb Code     0  entry5.o(.ARM.Collect$$$$00000004)
    __main_after_scatterload                 0x080000f5   Thumb Code     0  entry5.o(.ARM.Collect$$$$00000004)
    _main_clock                              0x080000f5   Thumb Code     0  entry7b.o(.ARM.Collect$$$$00000008)
    _main_cpp_init                           0x080000f5   Thumb Code     0  entry8b.o(.ARM.Collect$$$$0000000A)
    _main_init                               0x080000f5   Thumb Code     0  entry9a.o(.ARM.Collect$$$$0000000B)
    __rt_final_cpp                           0x080000fd   Thumb Code     0  entry10a.o(.ARM.Collect$$$$0000000D)
    __rt_final_exit                          0x080000fd   Thumb Code     0  entry11a.o(.ARM.Collect$$$$0000000F)
    Reset_Handler                            0x08000101   Thumb Code     8  startup_stm32f10x_md.o(.text)
    ADC1_2_IRQHandler                        0x0800011b   Thumb Code     0  startup_stm32f10x_md.o(.text)
    CAN1_RX1_IRQHandler                      0x0800011b   Thumb Code     0  startup_stm32f10x_md.o(.text)
    CAN1_SCE_IRQHandler                      0x0800011b   Thumb Code     0  startup_stm32f10x_md.o(.text)
    DMA1_Channel1_IRQHandler                 0x0800011b   Thumb Code     0  startup_stm32f10x_md.o(.text)
    DMA1_Channel2_IRQHandler                 0x0800011b   Thumb Code     0  startup_stm32f10x_md.o(.text)
    DMA1_Channel3_IRQHandler                 0x0800011b   Thumb Code     0  startup_stm32f10x_md.o(.text)
    DMA1_Channel4_IRQHandler                 0x0800011b   Thumb Code     0  startup_stm32f10x_md.o(.text)
    DMA1_Channel5_IRQHandler                 0x0800011b   Thumb Code     0  startup_stm32f10x_md.o(.text)
    DMA1_Channel6_IRQHandler                 0x0800011b   Thumb Code     0  startup_stm32f10x_md.o(.text)
    DMA1_Channel7_IRQHandler                 0x0800011b   Thumb Code     0  startup_stm32f10x_md.o(.text)
    EXTI0_IRQHandler                         0x0800011b   Thumb Code     0  startup_stm32f10x_md.o(.text)
    EXTI15_10_IRQHandler                     0x0800011b   Thumb Code     0  startup_stm32f10x_md.o(.text)
    EXTI1_IRQHandler                         0x0800011b   Thumb Code     0  startup_stm32f10x_md.o(.text)
    EXTI2_IRQHandler                         0x0800011b   Thumb Code     0  startup_stm32f10x_md.o(.text)
    EXTI3_IRQHandler                         0x0800011b   Thumb Code     0  startup_stm32f10x_md.o(.text)
    EXTI4_IRQHandler                         0x0800011b   Thumb Code     0  startup_stm32f10x_md.o(.text)
    EXTI9_5_IRQHandler                       0x0800011b   Thumb Code     0  startup_stm32f10x_md.o(.text)
    FLASH_IRQHandler                         0x0800011b   Thumb Code     0  startup_stm32f10x_md.o(.text)
    I2C1_ER_IRQHandler                       0x0800011b   Thumb Code     0  startup_stm32f10x_md.o(.text)
    I2C1_EV_IRQHandler                       0x0800011b   Thumb Code     0  startup_stm32f10x_md.o(.text)
    I2C2_ER_IRQHandler                       0x0800011b   Thumb Code     0  startup_stm32f10x_md.o(.text)
    I2C2_EV_IRQHandler                       0x0800011b   Thumb Code     0  startup_stm32f10x_md.o(.text)
    PVD_IRQHandler                           0x0800011b   Thumb Code     0  startup_stm32f10x_md.o(.text)
    RCC_IRQHandler                           0x0800011b   Thumb Code     0  startup_stm32f10x_md.o(.text)
    RTCAlarm_IRQHandler                      0x0800011b   Thumb Code     0  startup_stm32f10x_md.o(.text)
    RTC_IRQHandler                           0x0800011b   Thumb Code     0  startup_stm32f10x_md.o(.text)
    SPI1_IRQHandler                          0x0800011b   Thumb Code     0  startup_stm32f10x_md.o(.text)
    SPI2_IRQHandler                          0x0800011b   Thumb Code     0  startup_stm32f10x_md.o(.text)
    TAMPER_IRQHandler                        0x0800011b   Thumb Code     0  startup_stm32f10x_md.o(.text)
    TIM1_BRK_IRQHandler                      0x0800011b   Thumb Code     0  startup_stm32f10x_md.o(.text)
    TIM1_CC_IRQHandler                       0x0800011b   Thumb Code     0  startup_stm32f10x_md.o(.text)
    TIM1_TRG_COM_IRQHandler                  0x0800011b   Thumb Code     0  startup_stm32f10x_md.o(.text)
    TIM1_UP_IRQHandler                       0x0800011b   Thumb Code     0  startup_stm32f10x_md.o(.text)
    TIM2_IRQHandler                          0x0800011b   Thumb Code     0  startup_stm32f10x_md.o(.text)
    USBWakeUp_IRQHandler                     0x0800011b   Thumb Code     0  startup_stm32f10x_md.o(.text)
    USB_HP_CAN1_TX_IRQHandler                0x0800011b   Thumb Code     0  startup_stm32f10x_md.o(.text)
    USB_LP_CAN1_RX0_IRQHandler               0x0800011b   Thumb Code     0  startup_stm32f10x_md.o(.text)
    WWDG_IRQHandler                          0x0800011b   Thumb Code     0  startup_stm32f10x_md.o(.text)
    __aeabi_ldivmod                          0x08000125   Thumb Code    98  ldiv.o(.text)
    __aeabi_memcpy                           0x08000187   Thumb Code    36  memcpya.o(.text)
    __aeabi_memcpy4                          0x08000187   Thumb Code     0  memcpya.o(.text)
    __aeabi_memcpy8                          0x08000187   Thumb Code     0  memcpya.o(.text)
    __aeabi_memset                           0x080001ab   Thumb Code    14  memseta.o(.text)
    __aeabi_memset4                          0x080001ab   Thumb Code     0  memseta.o(.text)
    __aeabi_memset8                          0x080001ab   Thumb Code     0  memseta.o(.text)
    __aeabi_memclr                           0x080001b9   Thumb Code     4  memseta.o(.text)
    __aeabi_memclr4                          0x080001b9   Thumb Code     0  memseta.o(.text)
    __aeabi_memclr8                          0x080001b9   Thumb Code     0  memseta.o(.text)
    _memset$wrapper                          0x080001bd   Thumb Code    18  memseta.o(.text)
    strcat                                   0x080001cf   Thumb Code    24  strcat.o(.text)
    strstr                                   0x080001e7   Thumb Code    36  strstr.o(.text)
    strchr                                   0x0800020b   Thumb Code    20  strchr.o(.text)
    strlen                                   0x0800021f   Thumb Code    14  strlen.o(.text)
    memcmp                                   0x0800022d   Thumb Code    26  memcmp.o(.text)
    strncat                                  0x08000247   Thumb Code    40  strncat.o(.text)
    strcpy                                   0x0800026f   Thumb Code    18  strcpy.o(.text)
    __aeabi_fadd                             0x08000281   Thumb Code   164  fadd.o(.text)
    __aeabi_fsub                             0x08000325   Thumb Code     6  fadd.o(.text)
    __aeabi_frsub                            0x0800032b   Thumb Code     6  fadd.o(.text)
    __aeabi_fmul                             0x08000331   Thumb Code   100  fmul.o(.text)
    __aeabi_fdiv                             0x08000395   Thumb Code   124  fdiv.o(.text)
    __aeabi_dadd                             0x08000411   Thumb Code   322  dadd.o(.text)
    __aeabi_dsub                             0x08000553   Thumb Code     6  dadd.o(.text)
    __aeabi_drsub                            0x08000559   Thumb Code     6  dadd.o(.text)
    __aeabi_dmul                             0x0800055f   Thumb Code   228  dmul.o(.text)
    __aeabi_ddiv                             0x08000643   Thumb Code   222  ddiv.o(.text)
    __aeabi_i2f                              0x08000721   Thumb Code    18  fflti.o(.text)
    __aeabi_ui2f                             0x08000733   Thumb Code    10  ffltui.o(.text)
    __aeabi_i2d                              0x0800073d   Thumb Code    34  dflti.o(.text)
    __aeabi_f2iz                             0x0800075f   Thumb Code    50  ffixi.o(.text)
    __aeabi_f2uiz                            0x08000791   Thumb Code    40  ffixui.o(.text)
    __aeabi_d2iz                             0x080007b9   Thumb Code    62  dfixi.o(.text)
    __aeabi_f2d                              0x080007f7   Thumb Code    38  f2d.o(.text)
    __aeabi_cdrcmple                         0x0800081d   Thumb Code    48  cdrcmple.o(.text)
    __aeabi_d2f                              0x0800084d   Thumb Code    56  d2f.o(.text)
    __aeabi_cfcmpeq                          0x08000885   Thumb Code     0  cfcmple.o(.text)
    __aeabi_cfcmple                          0x08000885   Thumb Code    20  cfcmple.o(.text)
    __aeabi_cfrcmple                         0x08000899   Thumb Code    20  cfrcmple.o(.text)
    __aeabi_uidiv                            0x080008ad   Thumb Code     0  uidiv.o(.text)
    __aeabi_uidivmod                         0x080008ad   Thumb Code    44  uidiv.o(.text)
    __aeabi_uldivmod                         0x080008d9   Thumb Code    98  uldiv.o(.text)
    __aeabi_llsl                             0x0800093b   Thumb Code    30  llshl.o(.text)
    _ll_shift_l                              0x0800093b   Thumb Code     0  llshl.o(.text)
    __aeabi_llsr                             0x08000959   Thumb Code    32  llushr.o(.text)
    _ll_ushift_r                             0x08000959   Thumb Code     0  llushr.o(.text)
    __aeabi_lasr                             0x08000979   Thumb Code    36  llsshr.o(.text)
    _ll_sshift_r                             0x08000979   Thumb Code     0  llsshr.o(.text)
    __I$use$fp                               0x0800099d   Thumb Code     0  iusefp.o(.text)
    _float_round                             0x0800099d   Thumb Code    18  fepilogue.o(.text)
    _float_epilogue                          0x080009af   Thumb Code    92  fepilogue.o(.text)
    _double_round                            0x08000a0b   Thumb Code    30  depilogue.o(.text)
    _double_epilogue                         0x08000a29   Thumb Code   156  depilogue.o(.text)
    __ARM_scalbn                             0x08000ac5   Thumb Code    46  dscalb.o(.text)
    scalbn                                   0x08000ac5   Thumb Code     0  dscalb.o(.text)
    _dsqrt                                   0x08000af3   Thumb Code   162  dsqrt.o(.text)
    __aeabi_d2ulz                            0x08000b95   Thumb Code    48  dfixul.o(.text)
    __scatterload                            0x08000bc5   Thumb Code    28  init.o(.text)
    __scatterload_rt2                        0x08000bc5   Thumb Code     0  init.o(.text)
    __decompress                             0x08000be9   Thumb Code     0  __dczerorl2.o(.text)
    __decompress1                            0x08000be9   Thumb Code    86  __dczerorl2.o(.text)
    ADC_Cmd                                  0x08000c3f   Thumb Code    22  stm32f10x_adc.o(i.ADC_Cmd)
    ADC_DeInit                               0x08000c55   Thumb Code    78  stm32f10x_adc.o(i.ADC_DeInit)
    ADC_GetCalibrationStatus                 0x08000cb1   Thumb Code    20  stm32f10x_adc.o(i.ADC_GetCalibrationStatus)
    ADC_GetConversionValue                   0x08000cc5   Thumb Code     8  stm32f10x_adc.o(i.ADC_GetConversionValue)
    ADC_GetFlagStatus                        0x08000ccd   Thumb Code    18  stm32f10x_adc.o(i.ADC_GetFlagStatus)
    ADC_GetResetCalibrationStatus            0x08000cdf   Thumb Code    20  stm32f10x_adc.o(i.ADC_GetResetCalibrationStatus)
    ADC_Init                                 0x08000cf5   Thumb Code    70  stm32f10x_adc.o(i.ADC_Init)
    ADC_RegularChannelConfig                 0x08000d45   Thumb Code   184  stm32f10x_adc.o(i.ADC_RegularChannelConfig)
    ADC_ResetCalibration                     0x08000dfd   Thumb Code    10  stm32f10x_adc.o(i.ADC_ResetCalibration)
    ADC_SoftwareStartConvCmd                 0x08000e07   Thumb Code    22  stm32f10x_adc.o(i.ADC_SoftwareStartConvCmd)
    ADC_StartCalibration                     0x08000e1d   Thumb Code    10  stm32f10x_adc.o(i.ADC_StartCalibration)
    Adc_Init                                 0x08000e29   Thumb Code   132  adc.o(i.Adc_Init)
    BEEP_Init                                0x08000eb5   Thumb Code    46  beep.o(i.BEEP_Init)
    BusFault_Handler                         0x08000ee9   Thumb Code     4  stm32f10x_it.o(i.BusFault_Handler)
    ConfigeRegister                          0x08000eed   Thumb Code    78  bsp_ads1115.o(i.ConfigeRegister)
    DMA_Cmd                                  0x08000f41   Thumb Code    24  stm32f10x_dma.o(i.DMA_Cmd)
    DMA_DeInit                               0x08000f59   Thumb Code   324  stm32f10x_dma.o(i.DMA_DeInit)
    DMA_Init                                 0x080010a5   Thumb Code    60  stm32f10x_dma.o(i.DMA_Init)
    DMA_SetCurrDataCounter                   0x080010e1   Thumb Code     4  stm32f10x_dma.o(i.DMA_SetCurrDataCounter)
    DebugMon_Handler                         0x080010e5   Thumb Code     2  stm32f10x_it.o(i.DebugMon_Handler)
    ESP8266_Clear                            0x080010e9   Thumb Code    18  esp8266.o(i.ESP8266_Clear)
    ESP8266_GetIPD                           0x08001105   Thumb Code    68  esp8266.o(i.ESP8266_GetIPD)
    ESP8266_Init                             0x08001155   Thumb Code   232  esp8266.o(i.ESP8266_Init)
    ESP8266_SendCmd                          0x08001311   Thumb Code    74  esp8266.o(i.ESP8266_SendCmd)
    ESP8266_SendData                         0x08001361   Thumb Code    46  esp8266.o(i.ESP8266_SendData)
    ESP8266_WaitRecive                       0x080013a5   Thumb Code    42  esp8266.o(i.ESP8266_WaitRecive)
    GPIO_Init                                0x080013d9   Thumb Code   278  stm32f10x_gpio.o(i.GPIO_Init)
    GPIO_ReadInputDataBit                    0x080014ef   Thumb Code    18  stm32f10x_gpio.o(i.GPIO_ReadInputDataBit)
    GPIO_ResetBits                           0x08001501   Thumb Code     4  stm32f10x_gpio.o(i.GPIO_ResetBits)
    GPIO_SetBits                             0x08001505   Thumb Code     4  stm32f10x_gpio.o(i.GPIO_SetBits)
    GPIO_WriteBit                            0x08001509   Thumb Code    10  stm32f10x_gpio.o(i.GPIO_WriteBit)
    GetAds1115Values                         0x08001515   Thumb Code    24  bsp_ads1115.o(i.GetAds1115Values)
    Get_Adc                                  0x08001549   Thumb Code    46  adc.o(i.Get_Adc)
    Get_Adc_Average                          0x0800157d   Thumb Code    46  adc.o(i.Get_Adc_Average)
    HardFault_Handler                        0x080015ab   Thumb Code     4  stm32f10x_it.o(i.HardFault_Handler)
    Hardware_Init                            0x080015af   Thumb Code    64  main.o(i.Hardware_Init)
    I2C_CheckEvent                           0x080015ef   Thumb Code    42  stm32f10x_i2c.o(i.I2C_CheckEvent)
    I2C_Cmd                                  0x08001619   Thumb Code    24  stm32f10x_i2c.o(i.I2C_Cmd)
    I2C_Configuration                        0x08001631   Thumb Code   118  oled_i2c.o(i.I2C_Configuration)
    I2C_GenerateSTART                        0x080016b5   Thumb Code    24  stm32f10x_i2c.o(i.I2C_GenerateSTART)
    I2C_GenerateSTOP                         0x080016cd   Thumb Code    24  stm32f10x_i2c.o(i.I2C_GenerateSTOP)
    I2C_GetFlagStatus                        0x080016e5   Thumb Code    58  stm32f10x_i2c.o(i.I2C_GetFlagStatus)
    I2C_Init                                 0x08001721   Thumb Code   222  stm32f10x_i2c.o(i.I2C_Init)
    I2C_Send7bitAddress                      0x0800180d   Thumb Code    18  stm32f10x_i2c.o(i.I2C_Send7bitAddress)
    I2C_SendData                             0x0800181f   Thumb Code     4  stm32f10x_i2c.o(i.I2C_SendData)
    I2C_WriteByte                            0x08001825   Thumb Code   126  oled_i2c.o(i.I2C_WriteByte)
    LCD_DrawCurve                            0x080018b1   Thumb Code   192  oled_i2c.o(i.LCD_DrawCurve)
    LCD_DrawLine                             0x08001981   Thumb Code   172  oled_i2c.o(i.LCD_DrawLine)
    LED_Init                                 0x08001a2d   Thumb Code   130  led.o(i.LED_Init)
    MPU_Get_Accelerometer                    0x08001abd   Thumb Code    80  mpu6050.o(i.MPU_Get_Accelerometer)
    MPU_IIC_Ack                              0x08001b0d   Thumb Code    44  mpuiic.o(i.MPU_IIC_Ack)
    MPU_IIC_Delay                            0x08001b41   Thumb Code     2  mpuiic.o(i.MPU_IIC_Delay)
    MPU_IIC_Init                             0x08001b45   Thumb Code    52  mpuiic.o(i.MPU_IIC_Init)
    MPU_IIC_NAck                             0x08001b85   Thumb Code    44  mpuiic.o(i.MPU_IIC_NAck)
    MPU_IIC_Read_Byte                        0x08001bb9   Thumb Code    76  mpuiic.o(i.MPU_IIC_Read_Byte)
    MPU_IIC_Send_Byte                        0x08001c0d   Thumb Code    62  mpuiic.o(i.MPU_IIC_Send_Byte)
    MPU_IIC_Start                            0x08001c55   Thumb Code    42  mpuiic.o(i.MPU_IIC_Start)
    MPU_IIC_Stop                             0x08001c89   Thumb Code    40  mpuiic.o(i.MPU_IIC_Stop)
    MPU_IIC_Wait_Ack                         0x08001cb9   Thumb Code    68  mpuiic.o(i.MPU_IIC_Wait_Ack)
    MPU_Init                                 0x08001d05   Thumb Code   138  mpu6050.o(i.MPU_Init)
    MPU_Read_Byte                            0x08001d8f   Thumb Code    58  mpu6050.o(i.MPU_Read_Byte)
    MPU_Read_Len                             0x08001dc9   Thumb Code   116  mpu6050.o(i.MPU_Read_Len)
    MPU_SDA_IN                               0x08001e3d   Thumb Code    26  mpuiic.o(i.MPU_SDA_IN)
    MPU_SDA_OUT                              0x08001e5d   Thumb Code    32  mpuiic.o(i.MPU_SDA_OUT)
    MPU_Set_Accel_Fsr                        0x08001e81   Thumb Code    16  mpu6050.o(i.MPU_Set_Accel_Fsr)
    MPU_Set_Gyro_Fsr                         0x08001e91   Thumb Code    16  mpu6050.o(i.MPU_Set_Gyro_Fsr)
    MPU_Set_LPF                              0x08001ea1   Thumb Code    58  mpu6050.o(i.MPU_Set_LPF)
    MPU_Set_Rate                             0x08001edb   Thumb Code    58  mpu6050.o(i.MPU_Set_Rate)
    MPU_Write_Byte                           0x08001f15   Thumb Code    68  mpu6050.o(i.MPU_Write_Byte)
    MPU_Write_Len                            0x08001f59   Thumb Code    96  mpu6050.o(i.MPU_Write_Len)
    MQTT_DeleteBuffer                        0x08001fb9   Thumb Code    28  mqttkit.o(i.MQTT_DeleteBuffer)
    MQTT_DumpLength                          0x08001fd5   Thumb Code    46  mqttkit.o(i.MQTT_DumpLength)
    MQTT_NewBuffer                           0x08002003   Thumb Code    88  mqttkit.o(i.MQTT_NewBuffer)
    MQTT_PacketConnect                       0x0800205d   Thumb Code   666  mqttkit.o(i.MQTT_PacketConnect)
    MQTT_PacketPublish                       0x080022fd   Thumb Code   418  mqttkit.o(i.MQTT_PacketPublish)
    MQTT_PacketSaveData                      0x080024a1   Thumb Code    88  mqttkit.o(i.MQTT_PacketSaveData)
    MQTT_ReadLength                          0x080024fd   Thumb Code    70  mqttkit.o(i.MQTT_ReadLength)
    MQTT_UnPacketConnectAck                  0x08002543   Thumb Code    30  mqttkit.o(i.MQTT_UnPacketConnectAck)
    MQTT_UnPacketRecv                        0x08002561   Thumb Code   106  mqttkit.o(i.MQTT_UnPacketRecv)
    MemManage_Handler                        0x080025d5   Thumb Code     4  stm32f10x_it.o(i.MemManage_Handler)
    NMI_Handler                              0x080025d9   Thumb Code     2  stm32f10x_it.o(i.NMI_Handler)
    NVIC_Init                                0x080025dd   Thumb Code   100  misc.o(i.NVIC_Init)
    NVIC_PriorityGroupConfig                 0x0800264d   Thumb Code    10  misc.o(i.NVIC_PriorityGroupConfig)
    Net_Init                                 0x08002661   Thumb Code    26  main.o(i.Net_Init)
    OLED_Clear                               0x0800267b   Thumb Code    64  oled_i2c.o(i.OLED_Clear)
    OLED_DrawPoint                           0x080026bd   Thumb Code   112  oled_i2c.o(i.OLED_DrawPoint)
    OLED_Init                                0x08002731   Thumb Code   236  oled_i2c.o(i.OLED_Init)
    OLED_Refresh_Gram                        0x0800281d   Thumb Code    72  oled_i2c.o(i.OLED_Refresh_Gram)
    OLED_Set_Pos                             0x08002869   Thumb Code    42  oled_i2c.o(i.OLED_Set_Pos)
    OLED_ShowChar                            0x08002895   Thumb Code   154  oled_i2c.o(i.OLED_ShowChar)
    OLED_ShowString                          0x08002939   Thumb Code    58  oled_i2c.o(i.OLED_ShowString)
    OLED_Show_Wellcome                       0x08002975   Thumb Code    80  oled_i2c.o(i.OLED_Show_Wellcome)
    OLED_WR_Byte                             0x080029c9   Thumb Code    38  oled_i2c.o(i.OLED_WR_Byte)
    OneNet_DevLink                           0x080029f1   Thumb Code   192  onenet.o(i.OneNet_DevLink)
    OneNet_FillBuf                           0x08002c01   Thumb Code   174  onenet.o(i.OneNet_FillBuf)
    OneNet_SendData                          0x08002d0d   Thumb Code   108  onenet.o(i.OneNet_SendData)
    PendSV_Handler                           0x08002da5   Thumb Code     2  stm32f10x_it.o(i.PendSV_Handler)
    PointRegister                            0x08002da7   Thumb Code    50  bsp_ads1115.o(i.PointRegister)
    RCC_ADCCLKConfig                         0x08002dd9   Thumb Code    18  stm32f10x_rcc.o(i.RCC_ADCCLKConfig)
    RCC_AHBPeriphClockCmd                    0x08002df1   Thumb Code    26  stm32f10x_rcc.o(i.RCC_AHBPeriphClockCmd)
    RCC_APB1PeriphClockCmd                   0x08002e11   Thumb Code    26  stm32f10x_rcc.o(i.RCC_APB1PeriphClockCmd)
    RCC_APB2PeriphClockCmd                   0x08002e31   Thumb Code    26  stm32f10x_rcc.o(i.RCC_APB2PeriphClockCmd)
    RCC_APB2PeriphResetCmd                   0x08002e51   Thumb Code    26  stm32f10x_rcc.o(i.RCC_APB2PeriphResetCmd)
    RCC_GetClocksFreq                        0x08002e71   Thumb Code   192  stm32f10x_rcc.o(i.RCC_GetClocksFreq)
    SVC_Handler                              0x08002f45   Thumb Code     2  stm32f10x_it.o(i.SVC_Handler)
    SysTick_CLKSourceConfig                  0x08003031   Thumb Code    40  misc.o(i.SysTick_CLKSourceConfig)
    SysTick_Handler                          0x08003059   Thumb Code     2  stm32f10x_it.o(i.SysTick_Handler)
    SystemInit                               0x0800305d   Thumb Code    78  system_stm32f10x.o(i.SystemInit)
    TIM3_IRQHandler                          0x080030bd   Thumb Code    28  main.o(i.TIM3_IRQHandler)
    TIM4_IRQHandler                          0x080030e1   Thumb Code   162  main.o(i.TIM4_IRQHandler)
    TIM_ClearITPendingBit                    0x080031c5   Thumb Code     6  stm32f10x_tim.o(i.TIM_ClearITPendingBit)
    TIM_Cmd                                  0x080031cb   Thumb Code    24  stm32f10x_tim.o(i.TIM_Cmd)
    TIM_GetITStatus                          0x080031e3   Thumb Code    34  stm32f10x_tim.o(i.TIM_GetITStatus)
    TIM_ITConfig                             0x08003205   Thumb Code    18  stm32f10x_tim.o(i.TIM_ITConfig)
    TIM_TimeBaseInit                         0x08003219   Thumb Code   122  stm32f10x_tim.o(i.TIM_TimeBaseInit)
    Time3_Int_Init                           0x080032bd   Thumb Code    92  time.o(i.Time3_Int_Init)
    Time4_Int_Init                           0x0800331d   Thumb Code    90  time.o(i.Time4_Int_Init)
    USART1_IRQHandler                        0x0800337d   Thumb Code   122  usart.o(i.USART1_IRQHandler)
    USART2_IRQHandler                        0x08003405   Thumb Code   142  usart2.o(i.USART2_IRQHandler)
    USART3_IRQHandler                        0x080034ad   Thumb Code    62  esp8266.o(i.USART3_IRQHandler)
    USART_ClearFlag                          0x080034f9   Thumb Code    18  stm32f10x_usart.o(i.USART_ClearFlag)
    USART_ClearITPendingBit                  0x0800350b   Thumb Code    30  stm32f10x_usart.o(i.USART_ClearITPendingBit)
    USART_Cmd                                0x08003529   Thumb Code    24  stm32f10x_usart.o(i.USART_Cmd)
    USART_DMACmd                             0x08003541   Thumb Code    18  stm32f10x_usart.o(i.USART_DMACmd)
    USART_GetFlagStatus                      0x08003553   Thumb Code    26  stm32f10x_usart.o(i.USART_GetFlagStatus)
    USART_GetITStatus                        0x0800356d   Thumb Code    84  stm32f10x_usart.o(i.USART_GetITStatus)
    USART_ITConfig                           0x080035c1   Thumb Code    74  stm32f10x_usart.o(i.USART_ITConfig)
    USART_Init                               0x0800360d   Thumb Code   210  stm32f10x_usart.o(i.USART_Init)
    USART_ReceiveData                        0x080036e5   Thumb Code    10  stm32f10x_usart.o(i.USART_ReceiveData)
    USART_SendData                           0x080036ef   Thumb Code     8  stm32f10x_usart.o(i.USART_SendData)
    UsageFault_Handler                       0x080036f7   Thumb Code     4  stm32f10x_it.o(i.UsageFault_Handler)
    Usart1_Init                              0x080036fd   Thumb Code   152  usart.o(i.Usart1_Init)
    Usart3_Init                              0x0800379d   Thumb Code   164  esp8266.o(i.Usart3_Init)
    Usart3_SendString                        0x08003849   Thumb Code    44  esp8266.o(i.Usart3_SendString)
    WriteDat                                 0x08003879   Thumb Code    14  oled_i2c.o(i.WriteDat)
    __0printf                                0x08003889   Thumb Code    22  printfa.o(i.__0printf)
    __1printf                                0x08003889   Thumb Code     0  printfa.o(i.__0printf)
    __2printf                                0x08003889   Thumb Code     0  printfa.o(i.__0printf)
    __c89printf                              0x08003889   Thumb Code     0  printfa.o(i.__0printf)
    printf                                   0x08003889   Thumb Code     0  printfa.o(i.__0printf)
    __0sprintf                               0x080038a9   Thumb Code    34  printfa.o(i.__0sprintf)
    __1sprintf                               0x080038a9   Thumb Code     0  printfa.o(i.__0sprintf)
    __2sprintf                               0x080038a9   Thumb Code     0  printfa.o(i.__0sprintf)
    __c89sprintf                             0x080038a9   Thumb Code     0  printfa.o(i.__0sprintf)
    sprintf                                  0x080038a9   Thumb Code     0  printfa.o(i.__0sprintf)
    __ARM_fpclassify                         0x080038d1   Thumb Code    40  fpclassify.o(i.__ARM_fpclassify)
    __kernel_poly                            0x080038f9   Thumb Code   170  poly.o(i.__kernel_poly)
    __mathlib_dbl_divzero                    0x080039a5   Thumb Code    12  dunder.o(i.__mathlib_dbl_divzero)
    __mathlib_dbl_infnan2                    0x080039b5   Thumb Code     4  dunder.o(i.__mathlib_dbl_infnan2)
    __mathlib_dbl_invalid                    0x080039b9   Thumb Code    12  dunder.o(i.__mathlib_dbl_invalid)
    __mathlib_dbl_overflow                   0x080039c5   Thumb Code    14  dunder.o(i.__mathlib_dbl_overflow)
    __mathlib_dbl_underflow                  0x080039d5   Thumb Code    10  dunder.o(i.__mathlib_dbl_underflow)
    __scatterload_copy                       0x080039e5   Thumb Code    14  handlers.o(i.__scatterload_copy)
    __scatterload_null                       0x080039f3   Thumb Code     2  handlers.o(i.__scatterload_null)
    __scatterload_zeroinit                   0x080039f5   Thumb Code    14  handlers.o(i.__scatterload_zeroinit)
    __set_errno                              0x08003a05   Thumb Code     6  errno.o(i.__set_errno)
    ads1115_I2C_Ack                          0x08004375   Thumb Code    60  bsp_ads1115.o(i.ads1115_I2C_Ack)
    ads1115_I2C_INIT                         0x080043b5   Thumb Code    60  bsp_ads1115.o(i.ads1115_I2C_INIT)
    ads1115_I2C_NAck                         0x080043f5   Thumb Code    60  bsp_ads1115.o(i.ads1115_I2C_NAck)
    ads1115_I2C_Read_Byte                    0x08004435   Thumb Code    92  bsp_ads1115.o(i.ads1115_I2C_Read_Byte)
    ads1115_I2C_SDA_IN                       0x08004495   Thumb Code    26  bsp_ads1115.o(i.ads1115_I2C_SDA_IN)
    ads1115_I2C_SDA_OUT                      0x080044b5   Thumb Code    32  bsp_ads1115.o(i.ads1115_I2C_SDA_OUT)
    ads1115_I2C_Send_Byte                    0x080044d9   Thumb Code   100  bsp_ads1115.o(i.ads1115_I2C_Send_Byte)
    ads1115_I2C_Start                        0x08004541   Thumb Code    60  bsp_ads1115.o(i.ads1115_I2C_Start)
    ads1115_I2C_Stop                         0x08004581   Thumb Code    60  bsp_ads1115.o(i.ads1115_I2C_Stop)
    ads1115_I2C_Wait_Ack                     0x080045c1   Thumb Code    82  bsp_ads1115.o(i.ads1115_I2C_Wait_Ack)
    ads1115_Init                             0x08004619   Thumb Code    32  bsp_ads1115.o(i.ads1115_Init)
    ads1115_delay_us                         0x08004659   Thumb Code    12  bsp_ads1115.o(i.ads1115_delay_us)
    delay_init                               0x08004665   Thumb Code    50  delay.o(i.delay_init)
    delay_ms                                 0x080046a9   Thumb Code    72  delay.o(i.delay_ms)
    delay_us                                 0x080046f5   Thumb Code    72  delay.o(i.delay_us)
    dmp_enable_6x_lp_quat                    0x08004741   Thumb Code    60  inv_mpu_dmp_motion_driver.o(i.dmp_enable_6x_lp_quat)
    dmp_enable_feature                       0x0800477d   Thumb Code   530  inv_mpu_dmp_motion_driver.o(i.dmp_enable_feature)
    dmp_enable_gyro_cal                      0x08004999   Thumb Code    62  inv_mpu_dmp_motion_driver.o(i.dmp_enable_gyro_cal)
    dmp_enable_lp_quat                       0x080049f1   Thumb Code    60  inv_mpu_dmp_motion_driver.o(i.dmp_enable_lp_quat)
    dmp_load_motion_driver_firmware          0x08004a2d   Thumb Code    20  inv_mpu_dmp_motion_driver.o(i.dmp_load_motion_driver_firmware)
    dmp_set_fifo_rate                        0x08004a45   Thumb Code    96  inv_mpu_dmp_motion_driver.o(i.dmp_set_fifo_rate)
    dmp_set_gyro_bias                        0x08004ab5   Thumb Code   294  inv_mpu_dmp_motion_driver.o(i.dmp_set_gyro_bias)
    dmp_set_orientation                      0x08004be5   Thumb Code   290  inv_mpu_dmp_motion_driver.o(i.dmp_set_orientation)
    dmp_set_shake_reject_thresh              0x08004d1d   Thumb Code    56  inv_mpu_dmp_motion_driver.o(i.dmp_set_shake_reject_thresh)
    dmp_set_shake_reject_time                0x08004d55   Thumb Code    38  inv_mpu_dmp_motion_driver.o(i.dmp_set_shake_reject_time)
    dmp_set_shake_reject_timeout             0x08004d7b   Thumb Code    38  inv_mpu_dmp_motion_driver.o(i.dmp_set_shake_reject_timeout)
    dmp_set_tap_axes                         0x08004da1   Thumb Code    70  inv_mpu_dmp_motion_driver.o(i.dmp_set_tap_axes)
    dmp_set_tap_count                        0x08004de7   Thumb Code    38  inv_mpu_dmp_motion_driver.o(i.dmp_set_tap_count)
    dmp_set_tap_thresh                       0x08004e0d   Thumb Code   396  inv_mpu_dmp_motion_driver.o(i.dmp_set_tap_thresh)
    dmp_set_tap_time                         0x08004fad   Thumb Code    38  inv_mpu_dmp_motion_driver.o(i.dmp_set_tap_time)
    dmp_set_tap_time_multi                   0x08004fd3   Thumb Code    38  inv_mpu_dmp_motion_driver.o(i.dmp_set_tap_time_multi)
    fall                                     0x08004ff9   Thumb Code   394  main.o(i.fall)
    fputc                                    0x080051c1   Thumb Code    24  usart.o(i.fputc)
    free                                     0x080051dd   Thumb Code    76  malloc.o(i.free)
    inv_orientation_matrix_to_scalar         0x08005861   Thumb Code    40  inv_mpu.o(i.inv_orientation_matrix_to_scalar)
    inv_row_2_scale                          0x08005889   Thumb Code    78  inv_mpu.o(i.inv_row_2_scale)
    main                                     0x080058d9   Thumb Code   310  main.o(i.main)
    malloc                                   0x08005aa5   Thumb Code    92  malloc.o(i.malloc)
    mpu_configure_fifo                       0x08005b11   Thumb Code   106  inv_mpu.o(i.mpu_configure_fifo)
    mpu_dmp_init                             0x08005b81   Thumb Code   154  inv_mpu.o(i.mpu_dmp_init)
    mpu_get_accel_fsr                        0x08005c21   Thumb Code    72  inv_mpu.o(i.mpu_get_accel_fsr)
    mpu_get_accel_sens                       0x08005c6d   Thumb Code    78  inv_mpu.o(i.mpu_get_accel_sens)
    mpu_get_fifo_config                      0x08005cc1   Thumb Code    12  inv_mpu.o(i.mpu_get_fifo_config)
    mpu_get_gyro_fsr                         0x08005cd1   Thumb Code    64  inv_mpu.o(i.mpu_get_gyro_fsr)
    mpu_get_gyro_sens                        0x08005d15   Thumb Code    58  inv_mpu.o(i.mpu_get_gyro_sens)
    mpu_get_lpf                              0x08005d65   Thumb Code    74  inv_mpu.o(i.mpu_get_lpf)
    mpu_get_sample_rate                      0x08005db5   Thumb Code    26  inv_mpu.o(i.mpu_get_sample_rate)
    mpu_init                                 0x08005dd5   Thumb Code   416  inv_mpu.o(i.mpu_init)
    mpu_load_firmware                        0x08005fc5   Thumb Code   180  inv_mpu.o(i.mpu_load_firmware)
    mpu_lp_accel_mode                        0x0800607d   Thumb Code   218  inv_mpu.o(i.mpu_lp_accel_mode)
    mpu_read_mem                             0x0800615d   Thumb Code   122  inv_mpu.o(i.mpu_read_mem)
    mpu_reset_fifo                           0x080061dd   Thumb Code   450  inv_mpu.o(i.mpu_reset_fifo)
    mpu_run_self_test                        0x080063a5   Thumb Code   278  inv_mpu.o(i.mpu_run_self_test)
    mpu_set_accel_fsr                        0x080064c1   Thumb Code   126  inv_mpu.o(i.mpu_set_accel_fsr)
    mpu_set_bypass                           0x08006545   Thumb Code   328  inv_mpu.o(i.mpu_set_bypass)
    mpu_set_dmp_state                        0x08006691   Thumb Code   138  inv_mpu.o(i.mpu_set_dmp_state)
    mpu_set_gyro_fsr                         0x08006721   Thumb Code   132  inv_mpu.o(i.mpu_set_gyro_fsr)
    mpu_set_int_latched                      0x080067a9   Thumb Code   102  inv_mpu.o(i.mpu_set_int_latched)
    mpu_set_lpf                              0x08006815   Thumb Code   126  inv_mpu.o(i.mpu_set_lpf)
    mpu_set_sample_rate                      0x08006899   Thumb Code   152  inv_mpu.o(i.mpu_set_sample_rate)
    mpu_set_sensors                          0x08006935   Thumb Code   202  inv_mpu.o(i.mpu_set_sensors)
    mpu_write_mem                            0x08006a05   Thumb Code   122  inv_mpu.o(i.mpu_write_mem)
    pow                                      0x08006a85   Thumb Code  2512  pow.o(i.pow)
    readConvertRegister                      0x0800745d   Thumb Code    52  bsp_ads1115.o(i.readConvertRegister)
    run_self_test                            0x08007491   Thumb Code   142  inv_mpu.o(i.run_self_test)
    sqrt                                     0x080075b1   Thumb Code    76  sqrt.o(i.sqrt)
    usart2_init                              0x080075fd   Thumb Code   248  usart2.o(i.usart2_init)
    writeRegister                            0x08007705   Thumb Code    84  bsp_ads1115.o(i.writeRegister)
    F6x8                                     0x08007758   Data         552  oled_i2c.o(.constdata)
    F8X16                                    0x08007980   Data        1520  oled_i2c.o(.constdata)
    reg                                      0x08007f70   Data          27  inv_mpu.o(.constdata)
    hw                                       0x08007f8c   Data          12  inv_mpu.o(.constdata)
    test                                     0x08007f98   Data          40  inv_mpu.o(.constdata)
    __mathlib_zero                           0x08008c40   Data           8  qnan.o(.constdata)
    Region$$Table$$Base                      0x08008c98   Number         0  anon$$obj.o(Region$$Table)
    Region$$Table$$Limit                     0x08008cb8   Number         0  anon$$obj.o(Region$$Table)
    aacx                                     0x20000000   Data           2  main.o(.data)
    aacy                                     0x20000002   Data           2  main.o(.data)
    aacz                                     0x20000004   Data           2  main.o(.data)
    gyrox                                    0x20000006   Data           2  main.o(.data)
    gyroy                                    0x20000008   Data           2  main.o(.data)
    gyroz                                    0x2000000a   Data           2  main.o(.data)
    count                                    0x2000000c   Data           4  main.o(.data)
    adcx2                                    0x20000010   Data           2  main.o(.data)
    temp2                                    0x20000014   Data           4  main.o(.data)
    tem                                      0x20000018   Data           4  main.o(.data)
    Heart_rate                               0x2000001c   Data           4  main.o(.data)
    txflag                                   0x20000020   Data           1  main.o(.data)
    mpuerrflag                               0x20000021   Data           1  main.o(.data)
    mpu_flag                                 0x20000022   Data           1  main.o(.data)
    mpu_1_flag                               0x20000023   Data           1  main.o(.data)
    mpu_2_flag                               0x20000024   Data           1  main.o(.data)
    SVM                                      0x20000028   Data           4  main.o(.data)
    i                                        0x2000002c   Data           1  main.o(.data)
    t                                        0x2000002d   Data           1  main.o(.data)
    pitch                                    0x20000030   Data           4  main.o(.data)
    roll                                     0x20000034   Data           4  main.o(.data)
    yaw                                      0x20000038   Data           4  main.o(.data)
    SystemCoreClock                          0x20000040   Data           4  system_stm32f10x.o(.data)
    AHBPrescTable                            0x20000044   Data          16  system_stm32f10x.o(.data)
    __stdout                                 0x20000058   Data           4  usart.o(.data)
    USART_RX_STA                             0x2000005c   Data           2  usart.o(.data)
    System                                   0x20000074   Data         256  oled_i2c.o(.data)
    m_gain                                   0x20000178   Data           2  bsp_ads1115.o(.data)
    m_channel                                0x2000017a   Data           1  bsp_ads1115.o(.data)
    rx_data                                  0x2000017b   Data           5  usart2.o(.data)
    esp8266_cnt                              0x200001ba   Data           2  esp8266.o(.data)
    esp8266_cntPre                           0x200001bc   Data           2  esp8266.o(.data)
    __microlib_freelist                      0x200001c0   Data           4  mvars.o(.data)
    __microlib_freelist_initialised          0x200001c4   Data           4  mvars.o(.data)
    tx_data                                  0x200001cc   Data         487  main.o(.bss)
    display                                  0x200003b3   Data          20  main.o(.bss)
    USART_RX_BUF                             0x200003c7   Data         200  usart.o(.bss)
    OLED_GRAM                                0x2000048f   Data         896  oled_i2c.o(.bss)
    usart2_rx_buf                            0x20000810   Data          20  usart2.o(.bss)
    ecg_buf                                  0x20000824   Data         512  usart2.o(.bss)
    esp8266_buf                              0x20000a34   Data         128  esp8266.o(.bss)
    __heap_base                              0x20000ab8   Data           0  startup_stm32f10x_md.o(HEAP)
    __heap_limit                             0x20000cb8   Data           0  startup_stm32f10x_md.o(HEAP)
    __initial_sp                             0x200010b8   Data           0  startup_stm32f10x_md.o(STACK)



==============================================================================

Memory Map of the image

  Image Entry point : 0x08000101

  Load Region LR_1 (Base: 0x08000000, Size: 0x00008e84, Max: 0xffffffff, ABSOLUTE, COMPRESSED[0x00008dd0])

    Execution Region ER_RO (Exec base: 0x08000000, Load base: 0x08000000, Size: 0x00008cb8, Max: 0xffffffff, ABSOLUTE)

    Exec Addr    Load Addr    Size         Type   Attr      Idx    E Section Name        Object

    0x08000000   0x08000000   0x000000ec   Data   RO          520    RESET               startup_stm32f10x_md.o
    0x080000ec   0x080000ec   0x00000000   Code   RO         4933  * .ARM.Collect$$$$00000000  mc_w.l(entry.o)
    0x080000ec   0x080000ec   0x00000004   Code   RO         5312    .ARM.Collect$$$$00000001  mc_w.l(entry2.o)
    0x080000f0   0x080000f0   0x00000004   Code   RO         5315    .ARM.Collect$$$$00000004  mc_w.l(entry5.o)
    0x080000f4   0x080000f4   0x00000000   Code   RO         5317    .ARM.Collect$$$$00000008  mc_w.l(entry7b.o)
    0x080000f4   0x080000f4   0x00000000   Code   RO         5319    .ARM.Collect$$$$0000000A  mc_w.l(entry8b.o)
    0x080000f4   0x080000f4   0x00000008   Code   RO         5320    .ARM.Collect$$$$0000000B  mc_w.l(entry9a.o)
    0x080000fc   0x080000fc   0x00000000   Code   RO         5322    .ARM.Collect$$$$0000000D  mc_w.l(entry10a.o)
    0x080000fc   0x080000fc   0x00000000   Code   RO         5324    .ARM.Collect$$$$0000000F  mc_w.l(entry11a.o)
    0x080000fc   0x080000fc   0x00000004   Code   RO         5313    .ARM.Collect$$$$00002712  mc_w.l(entry2.o)
    0x08000100   0x08000100   0x00000024   Code   RO          521  * .text               startup_stm32f10x_md.o
    0x08000124   0x08000124   0x00000062   Code   RO         4936    .text               mc_w.l(ldiv.o)
    0x08000186   0x08000186   0x00000024   Code   RO         4938    .text               mc_w.l(memcpya.o)
    0x080001aa   0x080001aa   0x00000024   Code   RO         4940    .text               mc_w.l(memseta.o)
    0x080001ce   0x080001ce   0x00000018   Code   RO         4942    .text               mc_w.l(strcat.o)
    0x080001e6   0x080001e6   0x00000024   Code   RO         4944    .text               mc_w.l(strstr.o)
    0x0800020a   0x0800020a   0x00000014   Code   RO         4946    .text               mc_w.l(strchr.o)
    0x0800021e   0x0800021e   0x0000000e   Code   RO         4948    .text               mc_w.l(strlen.o)
    0x0800022c   0x0800022c   0x0000001a   Code   RO         4950    .text               mc_w.l(memcmp.o)
    0x08000246   0x08000246   0x00000028   Code   RO         4952    .text               mc_w.l(strncat.o)
    0x0800026e   0x0800026e   0x00000012   Code   RO         4954    .text               mc_w.l(strcpy.o)
    0x08000280   0x08000280   0x000000b0   Code   RO         5249    .text               mf_w.l(fadd.o)
    0x08000330   0x08000330   0x00000064   Code   RO         5251    .text               mf_w.l(fmul.o)
    0x08000394   0x08000394   0x0000007c   Code   RO         5253    .text               mf_w.l(fdiv.o)
    0x08000410   0x08000410   0x0000014e   Code   RO         5255    .text               mf_w.l(dadd.o)
    0x0800055e   0x0800055e   0x000000e4   Code   RO         5257    .text               mf_w.l(dmul.o)
    0x08000642   0x08000642   0x000000de   Code   RO         5259    .text               mf_w.l(ddiv.o)
    0x08000720   0x08000720   0x00000012   Code   RO         5261    .text               mf_w.l(fflti.o)
    0x08000732   0x08000732   0x0000000a   Code   RO         5263    .text               mf_w.l(ffltui.o)
    0x0800073c   0x0800073c   0x00000022   Code   RO         5265    .text               mf_w.l(dflti.o)
    0x0800075e   0x0800075e   0x00000032   Code   RO         5267    .text               mf_w.l(ffixi.o)
    0x08000790   0x08000790   0x00000028   Code   RO         5269    .text               mf_w.l(ffixui.o)
    0x080007b8   0x080007b8   0x0000003e   Code   RO         5271    .text               mf_w.l(dfixi.o)
    0x080007f6   0x080007f6   0x00000026   Code   RO         5273    .text               mf_w.l(f2d.o)
    0x0800081c   0x0800081c   0x00000030   Code   RO         5275    .text               mf_w.l(cdrcmple.o)
    0x0800084c   0x0800084c   0x00000038   Code   RO         5277    .text               mf_w.l(d2f.o)
    0x08000884   0x08000884   0x00000014   Code   RO         5279    .text               mf_w.l(cfcmple.o)
    0x08000898   0x08000898   0x00000014   Code   RO         5281    .text               mf_w.l(cfrcmple.o)
    0x080008ac   0x080008ac   0x0000002c   Code   RO         5326    .text               mc_w.l(uidiv.o)
    0x080008d8   0x080008d8   0x00000062   Code   RO         5328    .text               mc_w.l(uldiv.o)
    0x0800093a   0x0800093a   0x0000001e   Code   RO         5330    .text               mc_w.l(llshl.o)
    0x08000958   0x08000958   0x00000020   Code   RO         5332    .text               mc_w.l(llushr.o)
    0x08000978   0x08000978   0x00000024   Code   RO         5334    .text               mc_w.l(llsshr.o)
    0x0800099c   0x0800099c   0x00000000   Code   RO         5347    .text               mc_w.l(iusefp.o)
    0x0800099c   0x0800099c   0x0000006e   Code   RO         5348    .text               mf_w.l(fepilogue.o)
    0x08000a0a   0x08000a0a   0x000000ba   Code   RO         5350    .text               mf_w.l(depilogue.o)
    0x08000ac4   0x08000ac4   0x0000002e   Code   RO         5352    .text               mf_w.l(dscalb.o)
    0x08000af2   0x08000af2   0x000000a2   Code   RO         5354    .text               mf_w.l(dsqrt.o)
    0x08000b94   0x08000b94   0x00000030   Code   RO         5356    .text               mf_w.l(dfixul.o)
    0x08000bc4   0x08000bc4   0x00000024   Code   RO         5360    .text               mc_w.l(init.o)
    0x08000be8   0x08000be8   0x00000056   Code   RO         5402    .text               mc_w.l(__dczerorl2.o)
    0x08000c3e   0x08000c3e   0x00000016   Code   RO          567    i.ADC_Cmd           stm32f10x_adc.o
    0x08000c54   0x08000c54   0x0000005c   Code   RO          569    i.ADC_DeInit        stm32f10x_adc.o
    0x08000cb0   0x08000cb0   0x00000014   Code   RO          575    i.ADC_GetCalibrationStatus  stm32f10x_adc.o
    0x08000cc4   0x08000cc4   0x00000008   Code   RO          576    i.ADC_GetConversionValue  stm32f10x_adc.o
    0x08000ccc   0x08000ccc   0x00000012   Code   RO          578    i.ADC_GetFlagStatus  stm32f10x_adc.o
    0x08000cde   0x08000cde   0x00000014   Code   RO          581    i.ADC_GetResetCalibrationStatus  stm32f10x_adc.o
    0x08000cf2   0x08000cf2   0x00000002   PAD
    0x08000cf4   0x08000cf4   0x00000050   Code   RO          585    i.ADC_Init          stm32f10x_adc.o
    0x08000d44   0x08000d44   0x000000b8   Code   RO          589    i.ADC_RegularChannelConfig  stm32f10x_adc.o
    0x08000dfc   0x08000dfc   0x0000000a   Code   RO          590    i.ADC_ResetCalibration  stm32f10x_adc.o
    0x08000e06   0x08000e06   0x00000016   Code   RO          592    i.ADC_SoftwareStartConvCmd  stm32f10x_adc.o
    0x08000e1c   0x08000e1c   0x0000000a   Code   RO          594    i.ADC_StartCalibration  stm32f10x_adc.o
    0x08000e26   0x08000e26   0x00000002   PAD
    0x08000e28   0x08000e28   0x0000008c   Code   RO         3850    i.Adc_Init          adc.o
    0x08000eb4   0x08000eb4   0x00000034   Code   RO         3820    i.BEEP_Init         beep.o
    0x08000ee8   0x08000ee8   0x00000004   Code   RO          200    i.BusFault_Handler  stm32f10x_it.o
    0x08000eec   0x08000eec   0x00000054   Code   RO         3630    i.ConfigeRegister   bsp_ads1115.o
    0x08000f40   0x08000f40   0x00000018   Code   RO         1252    i.DMA_Cmd           stm32f10x_dma.o
    0x08000f58   0x08000f58   0x0000014c   Code   RO         1253    i.DMA_DeInit        stm32f10x_dma.o
    0x080010a4   0x080010a4   0x0000003c   Code   RO         1258    i.DMA_Init          stm32f10x_dma.o
    0x080010e0   0x080010e0   0x00000004   Code   RO         1259    i.DMA_SetCurrDataCounter  stm32f10x_dma.o
    0x080010e4   0x080010e4   0x00000002   Code   RO          201    i.DebugMon_Handler  stm32f10x_it.o
    0x080010e6   0x080010e6   0x00000002   PAD
    0x080010e8   0x080010e8   0x0000001c   Code   RO         4602    i.ESP8266_Clear     esp8266.o
    0x08001104   0x08001104   0x00000050   Code   RO         4603    i.ESP8266_GetIPD    esp8266.o
    0x08001154   0x08001154   0x000001bc   Code   RO         4604    i.ESP8266_Init      esp8266.o
    0x08001310   0x08001310   0x00000050   Code   RO         4605    i.ESP8266_SendCmd   esp8266.o
    0x08001360   0x08001360   0x00000044   Code   RO         4606    i.ESP8266_SendData  esp8266.o
    0x080013a4   0x080013a4   0x00000034   Code   RO         4607    i.ESP8266_WaitRecive  esp8266.o
    0x080013d8   0x080013d8   0x00000116   Code   RO         1676    i.GPIO_Init         stm32f10x_gpio.o
    0x080014ee   0x080014ee   0x00000012   Code   RO         1680    i.GPIO_ReadInputDataBit  stm32f10x_gpio.o
    0x08001500   0x08001500   0x00000004   Code   RO         1683    i.GPIO_ResetBits    stm32f10x_gpio.o
    0x08001504   0x08001504   0x00000004   Code   RO         1684    i.GPIO_SetBits      stm32f10x_gpio.o
    0x08001508   0x08001508   0x0000000a   Code   RO         1687    i.GPIO_WriteBit     stm32f10x_gpio.o
    0x08001512   0x08001512   0x00000002   PAD
    0x08001514   0x08001514   0x00000034   Code   RO         3631    i.GetAds1115Values  bsp_ads1115.o
    0x08001548   0x08001548   0x00000034   Code   RO         3851    i.Get_Adc           adc.o
    0x0800157c   0x0800157c   0x0000002e   Code   RO         3852    i.Get_Adc_Average   adc.o
    0x080015aa   0x080015aa   0x00000004   Code   RO          202    i.HardFault_Handler  stm32f10x_it.o
    0x080015ae   0x080015ae   0x00000040   Code   RO            1    i.Hardware_Init     main.o
    0x080015ee   0x080015ee   0x0000002a   Code   RO         1787    i.I2C_CheckEvent    stm32f10x_i2c.o
    0x08001618   0x08001618   0x00000018   Code   RO         1790    i.I2C_Cmd           stm32f10x_i2c.o
    0x08001630   0x08001630   0x00000084   Code   RO         3492    i.I2C_Configuration  oled_i2c.o
    0x080016b4   0x080016b4   0x00000018   Code   RO         1797    i.I2C_GenerateSTART  stm32f10x_i2c.o
    0x080016cc   0x080016cc   0x00000018   Code   RO         1798    i.I2C_GenerateSTOP  stm32f10x_i2c.o
    0x080016e4   0x080016e4   0x0000003a   Code   RO         1799    i.I2C_GetFlagStatus  stm32f10x_i2c.o
    0x0800171e   0x0800171e   0x00000002   PAD
    0x08001720   0x08001720   0x000000ec   Code   RO         1804    i.I2C_Init          stm32f10x_i2c.o
    0x0800180c   0x0800180c   0x00000012   Code   RO         1811    i.I2C_Send7bitAddress  stm32f10x_i2c.o
    0x0800181e   0x0800181e   0x00000004   Code   RO         1812    i.I2C_SendData      stm32f10x_i2c.o
    0x08001822   0x08001822   0x00000002   PAD
    0x08001824   0x08001824   0x0000008c   Code   RO         3493    i.I2C_WriteByte     oled_i2c.o
    0x080018b0   0x080018b0   0x000000d0   Code   RO         3494    i.LCD_DrawCurve     oled_i2c.o
    0x08001980   0x08001980   0x000000ac   Code   RO         3495    i.LCD_DrawLine      oled_i2c.o
    0x08001a2c   0x08001a2c   0x00000090   Code   RO         3835    i.LED_Init          led.o
    0x08001abc   0x08001abc   0x00000050   Code   RO         3877    i.MPU_Get_Accelerometer  mpu6050.o
    0x08001b0c   0x08001b0c   0x00000034   Code   RO         3961    i.MPU_IIC_Ack       mpuiic.o
    0x08001b40   0x08001b40   0x00000002   Code   RO         3962    i.MPU_IIC_Delay     mpuiic.o
    0x08001b42   0x08001b42   0x00000002   PAD
    0x08001b44   0x08001b44   0x00000040   Code   RO         3963    i.MPU_IIC_Init      mpuiic.o
    0x08001b84   0x08001b84   0x00000034   Code   RO         3964    i.MPU_IIC_NAck      mpuiic.o
    0x08001bb8   0x08001bb8   0x00000054   Code   RO         3965    i.MPU_IIC_Read_Byte  mpuiic.o
    0x08001c0c   0x08001c0c   0x00000048   Code   RO         3966    i.MPU_IIC_Send_Byte  mpuiic.o
    0x08001c54   0x08001c54   0x00000034   Code   RO         3967    i.MPU_IIC_Start     mpuiic.o
    0x08001c88   0x08001c88   0x00000030   Code   RO         3968    i.MPU_IIC_Stop      mpuiic.o
    0x08001cb8   0x08001cb8   0x0000004c   Code   RO         3969    i.MPU_IIC_Wait_Ack  mpuiic.o
    0x08001d04   0x08001d04   0x0000008a   Code   RO         3880    i.MPU_Init          mpu6050.o
    0x08001d8e   0x08001d8e   0x0000003a   Code   RO         3881    i.MPU_Read_Byte     mpu6050.o
    0x08001dc8   0x08001dc8   0x00000074   Code   RO         3882    i.MPU_Read_Len      mpu6050.o
    0x08001e3c   0x08001e3c   0x00000020   Code   RO         3970    i.MPU_SDA_IN        mpuiic.o
    0x08001e5c   0x08001e5c   0x00000024   Code   RO         3971    i.MPU_SDA_OUT       mpuiic.o
    0x08001e80   0x08001e80   0x00000010   Code   RO         3883    i.MPU_Set_Accel_Fsr  mpu6050.o
    0x08001e90   0x08001e90   0x00000010   Code   RO         3884    i.MPU_Set_Gyro_Fsr  mpu6050.o
    0x08001ea0   0x08001ea0   0x0000003a   Code   RO         3885    i.MPU_Set_LPF       mpu6050.o
    0x08001eda   0x08001eda   0x0000003a   Code   RO         3886    i.MPU_Set_Rate      mpu6050.o
    0x08001f14   0x08001f14   0x00000044   Code   RO         3887    i.MPU_Write_Byte    mpu6050.o
    0x08001f58   0x08001f58   0x00000060   Code   RO         3888    i.MPU_Write_Len     mpu6050.o
    0x08001fb8   0x08001fb8   0x0000001c   Code   RO         4669    i.MQTT_DeleteBuffer  mqttkit.o
    0x08001fd4   0x08001fd4   0x0000002e   Code   RO         4670    i.MQTT_DumpLength   mqttkit.o
    0x08002002   0x08002002   0x00000058   Code   RO         4671    i.MQTT_NewBuffer    mqttkit.o
    0x0800205a   0x0800205a   0x00000002   PAD
    0x0800205c   0x0800205c   0x000002a0   Code   RO         4673    i.MQTT_PacketConnect  mqttkit.o
    0x080022fc   0x080022fc   0x000001a2   Code   RO         4676    i.MQTT_PacketPublish  mqttkit.o
    0x0800249e   0x0800249e   0x00000002   PAD
    0x080024a0   0x080024a0   0x0000005c   Code   RO         4682    i.MQTT_PacketSaveData  mqttkit.o
    0x080024fc   0x080024fc   0x00000046   Code   RO         4685    i.MQTT_ReadLength   mqttkit.o
    0x08002542   0x08002542   0x0000001e   Code   RO         4687    i.MQTT_UnPacketConnectAck  mqttkit.o
    0x08002560   0x08002560   0x00000074   Code   RO         4693    i.MQTT_UnPacketRecv  mqttkit.o
    0x080025d4   0x080025d4   0x00000004   Code   RO          203    i.MemManage_Handler  stm32f10x_it.o
    0x080025d8   0x080025d8   0x00000002   Code   RO          204    i.NMI_Handler       stm32f10x_it.o
    0x080025da   0x080025da   0x00000002   PAD
    0x080025dc   0x080025dc   0x00000070   Code   RO          525    i.NVIC_Init         misc.o
    0x0800264c   0x0800264c   0x00000014   Code   RO          526    i.NVIC_PriorityGroupConfig  misc.o
    0x08002660   0x08002660   0x0000001a   Code   RO            2    i.Net_Init          main.o
    0x0800267a   0x0800267a   0x00000040   Code   RO         3496    i.OLED_Clear        oled_i2c.o
    0x080026ba   0x080026ba   0x00000002   PAD
    0x080026bc   0x080026bc   0x00000074   Code   RO         3499    i.OLED_DrawPoint    oled_i2c.o
    0x08002730   0x08002730   0x000000ec   Code   RO         3500    i.OLED_Init         oled_i2c.o
    0x0800281c   0x0800281c   0x0000004c   Code   RO         3501    i.OLED_Refresh_Gram  oled_i2c.o
    0x08002868   0x08002868   0x0000002a   Code   RO         3502    i.OLED_Set_Pos      oled_i2c.o
    0x08002892   0x08002892   0x00000002   PAD
    0x08002894   0x08002894   0x000000a4   Code   RO         3503    i.OLED_ShowChar     oled_i2c.o
    0x08002938   0x08002938   0x0000003a   Code   RO         3504    i.OLED_ShowString   oled_i2c.o
    0x08002972   0x08002972   0x00000002   PAD
    0x08002974   0x08002974   0x00000054   Code   RO         3505    i.OLED_Show_Wellcome  oled_i2c.o
    0x080029c8   0x080029c8   0x00000026   Code   RO         3506    i.OLED_WR_Byte      oled_i2c.o
    0x080029ee   0x080029ee   0x00000002   PAD
    0x080029f0   0x080029f0   0x00000210   Code   RO         4853    i.OneNet_DevLink    onenet.o
    0x08002c00   0x08002c00   0x0000010c   Code   RO         4854    i.OneNet_FillBuf    onenet.o
    0x08002d0c   0x08002d0c   0x00000098   Code   RO         4856    i.OneNet_SendData   onenet.o
    0x08002da4   0x08002da4   0x00000002   Code   RO          205    i.PendSV_Handler    stm32f10x_it.o
    0x08002da6   0x08002da6   0x00000032   Code   RO         3633    i.PointRegister     bsp_ads1115.o
    0x08002dd8   0x08002dd8   0x00000018   Code   RO         2090    i.RCC_ADCCLKConfig  stm32f10x_rcc.o
    0x08002df0   0x08002df0   0x00000020   Code   RO         2091    i.RCC_AHBPeriphClockCmd  stm32f10x_rcc.o
    0x08002e10   0x08002e10   0x00000020   Code   RO         2092    i.RCC_APB1PeriphClockCmd  stm32f10x_rcc.o
    0x08002e30   0x08002e30   0x00000020   Code   RO         2094    i.RCC_APB2PeriphClockCmd  stm32f10x_rcc.o
    0x08002e50   0x08002e50   0x00000020   Code   RO         2095    i.RCC_APB2PeriphResetCmd  stm32f10x_rcc.o
    0x08002e70   0x08002e70   0x000000d4   Code   RO         2102    i.RCC_GetClocksFreq  stm32f10x_rcc.o
    0x08002f44   0x08002f44   0x00000002   Code   RO          206    i.SVC_Handler       stm32f10x_it.o
    0x08002f46   0x08002f46   0x00000008   Code   RO          346    i.SetSysClock       system_stm32f10x.o
    0x08002f4e   0x08002f4e   0x00000002   PAD
    0x08002f50   0x08002f50   0x000000e0   Code   RO          347    i.SetSysClockTo72   system_stm32f10x.o
    0x08003030   0x08003030   0x00000028   Code   RO          529    i.SysTick_CLKSourceConfig  misc.o
    0x08003058   0x08003058   0x00000002   Code   RO          207    i.SysTick_Handler   stm32f10x_it.o
    0x0800305a   0x0800305a   0x00000002   PAD
    0x0800305c   0x0800305c   0x00000060   Code   RO          349    i.SystemInit        system_stm32f10x.o
    0x080030bc   0x080030bc   0x00000024   Code   RO            3    i.TIM3_IRQHandler   main.o
    0x080030e0   0x080030e0   0x000000e4   Code   RO            4    i.TIM4_IRQHandler   main.o
    0x080031c4   0x080031c4   0x00000006   Code   RO         2721    i.TIM_ClearITPendingBit  stm32f10x_tim.o
    0x080031ca   0x080031ca   0x00000018   Code   RO         2726    i.TIM_Cmd           stm32f10x_tim.o
    0x080031e2   0x080031e2   0x00000022   Code   RO         2747    i.TIM_GetITStatus   stm32f10x_tim.o
    0x08003204   0x08003204   0x00000012   Code   RO         2751    i.TIM_ITConfig      stm32f10x_tim.o
    0x08003216   0x08003216   0x00000002   PAD
    0x08003218   0x08003218   0x000000a4   Code   RO         2797    i.TIM_TimeBaseInit  stm32f10x_tim.o
    0x080032bc   0x080032bc   0x00000060   Code   RO         3608    i.Time3_Int_Init    time.o
    0x0800331c   0x0800331c   0x00000060   Code   RO         3609    i.Time4_Int_Init    time.o
    0x0800337c   0x0800337c   0x00000088   Code   RO          467    i.USART1_IRQHandler  usart.o
    0x08003404   0x08003404   0x000000a8   Code   RO         3766    i.USART2_IRQHandler  usart2.o
    0x080034ac   0x080034ac   0x0000004c   Code   RO         4608    i.USART3_IRQHandler  esp8266.o
    0x080034f8   0x080034f8   0x00000012   Code   RO         3258    i.USART_ClearFlag   stm32f10x_usart.o
    0x0800350a   0x0800350a   0x0000001e   Code   RO         3259    i.USART_ClearITPendingBit  stm32f10x_usart.o
    0x08003528   0x08003528   0x00000018   Code   RO         3262    i.USART_Cmd         stm32f10x_usart.o
    0x08003540   0x08003540   0x00000012   Code   RO         3263    i.USART_DMACmd      stm32f10x_usart.o
    0x08003552   0x08003552   0x0000001a   Code   RO         3265    i.USART_GetFlagStatus  stm32f10x_usart.o
    0x0800356c   0x0800356c   0x00000054   Code   RO         3266    i.USART_GetITStatus  stm32f10x_usart.o
    0x080035c0   0x080035c0   0x0000004a   Code   RO         3268    i.USART_ITConfig    stm32f10x_usart.o
    0x0800360a   0x0800360a   0x00000002   PAD
    0x0800360c   0x0800360c   0x000000d8   Code   RO         3269    i.USART_Init        stm32f10x_usart.o
    0x080036e4   0x080036e4   0x0000000a   Code   RO         3276    i.USART_ReceiveData  stm32f10x_usart.o
    0x080036ee   0x080036ee   0x00000008   Code   RO         3279    i.USART_SendData    stm32f10x_usart.o
    0x080036f6   0x080036f6   0x00000004   Code   RO          208    i.UsageFault_Handler  stm32f10x_it.o
    0x080036fa   0x080036fa   0x00000002   PAD
    0x080036fc   0x080036fc   0x000000a0   Code   RO          468    i.Usart1_Init       usart.o
    0x0800379c   0x0800379c   0x000000ac   Code   RO         4609    i.Usart3_Init       esp8266.o
    0x08003848   0x08003848   0x00000030   Code   RO         4610    i.Usart3_SendString  esp8266.o
    0x08003878   0x08003878   0x0000000e   Code   RO         3507    i.WriteDat          oled_i2c.o
    0x08003886   0x08003886   0x00000002   PAD
    0x08003888   0x08003888   0x00000020   Code   RO         5191    i.__0printf         mc_w.l(printfa.o)
    0x080038a8   0x080038a8   0x00000028   Code   RO         5193    i.__0sprintf        mc_w.l(printfa.o)
    0x080038d0   0x080038d0   0x00000028   Code   RO         5307    i.__ARM_fpclassify  m_ws.l(fpclassify.o)
    0x080038f8   0x080038f8   0x000000aa   Code   RO         5309    i.__kernel_poly     m_ws.l(poly.o)
    0x080039a2   0x080039a2   0x00000002   PAD
    0x080039a4   0x080039a4   0x00000010   Code   RO         5293    i.__mathlib_dbl_divzero  m_ws.l(dunder.o)
    0x080039b4   0x080039b4   0x00000004   Code   RO         5295    i.__mathlib_dbl_infnan2  m_ws.l(dunder.o)
    0x080039b8   0x080039b8   0x0000000c   Code   RO         5296    i.__mathlib_dbl_invalid  m_ws.l(dunder.o)
    0x080039c4   0x080039c4   0x0000000e   Code   RO         5297    i.__mathlib_dbl_overflow  m_ws.l(dunder.o)
    0x080039d2   0x080039d2   0x00000002   PAD
    0x080039d4   0x080039d4   0x00000010   Code   RO         5299    i.__mathlib_dbl_underflow  m_ws.l(dunder.o)
    0x080039e4   0x080039e4   0x0000000e   Code   RO         5396    i.__scatterload_copy  mc_w.l(handlers.o)
    0x080039f2   0x080039f2   0x00000002   Code   RO         5397    i.__scatterload_null  mc_w.l(handlers.o)
    0x080039f4   0x080039f4   0x0000000e   Code   RO         5398    i.__scatterload_zeroinit  mc_w.l(handlers.o)
    0x08003a02   0x08003a02   0x00000002   PAD
    0x08003a04   0x08003a04   0x0000000c   Code   RO         5340    i.__set_errno       mc_w.l(errno.o)
    0x08003a10   0x08003a10   0x00000184   Code   RO         5198    i._fp_digits        mc_w.l(printfa.o)
    0x08003b94   0x08003b94   0x000006dc   Code   RO         5199    i._printf_core      mc_w.l(printfa.o)
    0x08004270   0x08004270   0x00000024   Code   RO         5200    i._printf_post_padding  mc_w.l(printfa.o)
    0x08004294   0x08004294   0x0000002e   Code   RO         5201    i._printf_pre_padding  mc_w.l(printfa.o)
    0x080042c2   0x080042c2   0x0000000a   Code   RO         5203    i._sputc            mc_w.l(printfa.o)
    0x080042cc   0x080042cc   0x000000a8   Code   RO         4033    i.accel_self_test   inv_mpu.o
    0x08004374   0x08004374   0x00000040   Code   RO         3635    i.ads1115_I2C_Ack   bsp_ads1115.o
    0x080043b4   0x080043b4   0x00000040   Code   RO         3636    i.ads1115_I2C_INIT  bsp_ads1115.o
    0x080043f4   0x080043f4   0x00000040   Code   RO         3637    i.ads1115_I2C_NAck  bsp_ads1115.o
    0x08004434   0x08004434   0x00000060   Code   RO         3638    i.ads1115_I2C_Read_Byte  bsp_ads1115.o
    0x08004494   0x08004494   0x00000020   Code   RO         3639    i.ads1115_I2C_SDA_IN  bsp_ads1115.o
    0x080044b4   0x080044b4   0x00000024   Code   RO         3640    i.ads1115_I2C_SDA_OUT  bsp_ads1115.o
    0x080044d8   0x080044d8   0x00000068   Code   RO         3641    i.ads1115_I2C_Send_Byte  bsp_ads1115.o
    0x08004540   0x08004540   0x00000040   Code   RO         3642    i.ads1115_I2C_Start  bsp_ads1115.o
    0x08004580   0x08004580   0x00000040   Code   RO         3643    i.ads1115_I2C_Stop  bsp_ads1115.o
    0x080045c0   0x080045c0   0x00000058   Code   RO         3644    i.ads1115_I2C_Wait_Ack  bsp_ads1115.o
    0x08004618   0x08004618   0x00000040   Code   RO         3645    i.ads1115_Init      bsp_ads1115.o
    0x08004658   0x08004658   0x0000000c   Code   RO         3647    i.ads1115_delay_us  bsp_ads1115.o
    0x08004664   0x08004664   0x00000044   Code   RO          380    i.delay_init        delay.o
    0x080046a8   0x080046a8   0x0000004c   Code   RO          381    i.delay_ms          delay.o
    0x080046f4   0x080046f4   0x0000004c   Code   RO          382    i.delay_us          delay.o
    0x08004740   0x08004740   0x0000003c   Code   RO         4368    i.dmp_enable_6x_lp_quat  inv_mpu_dmp_motion_driver.o
    0x0800477c   0x0800477c   0x0000021c   Code   RO         4369    i.dmp_enable_feature  inv_mpu_dmp_motion_driver.o
    0x08004998   0x08004998   0x00000058   Code   RO         4370    i.dmp_enable_gyro_cal  inv_mpu_dmp_motion_driver.o
    0x080049f0   0x080049f0   0x0000003c   Code   RO         4371    i.dmp_enable_lp_quat  inv_mpu_dmp_motion_driver.o
    0x08004a2c   0x08004a2c   0x00000018   Code   RO         4376    i.dmp_load_motion_driver_firmware  inv_mpu_dmp_motion_driver.o
    0x08004a44   0x08004a44   0x00000070   Code   RO         4381    i.dmp_set_fifo_rate  inv_mpu_dmp_motion_driver.o
    0x08004ab4   0x08004ab4   0x00000130   Code   RO         4382    i.dmp_set_gyro_bias  inv_mpu_dmp_motion_driver.o
    0x08004be4   0x08004be4   0x00000138   Code   RO         4384    i.dmp_set_orientation  inv_mpu_dmp_motion_driver.o
    0x08004d1c   0x08004d1c   0x00000038   Code   RO         4387    i.dmp_set_shake_reject_thresh  inv_mpu_dmp_motion_driver.o
    0x08004d54   0x08004d54   0x00000026   Code   RO         4388    i.dmp_set_shake_reject_time  inv_mpu_dmp_motion_driver.o
    0x08004d7a   0x08004d7a   0x00000026   Code   RO         4389    i.dmp_set_shake_reject_timeout  inv_mpu_dmp_motion_driver.o
    0x08004da0   0x08004da0   0x00000046   Code   RO         4390    i.dmp_set_tap_axes  inv_mpu_dmp_motion_driver.o
    0x08004de6   0x08004de6   0x00000026   Code   RO         4391    i.dmp_set_tap_count  inv_mpu_dmp_motion_driver.o
    0x08004e0c   0x08004e0c   0x000001a0   Code   RO         4392    i.dmp_set_tap_thresh  inv_mpu_dmp_motion_driver.o
    0x08004fac   0x08004fac   0x00000026   Code   RO         4393    i.dmp_set_tap_time  inv_mpu_dmp_motion_driver.o
    0x08004fd2   0x08004fd2   0x00000026   Code   RO         4394    i.dmp_set_tap_time_multi  inv_mpu_dmp_motion_driver.o
    0x08004ff8   0x08004ff8   0x000001c8   Code   RO            5    i.fall              main.o
    0x080051c0   0x080051c0   0x0000001c   Code   RO          470    i.fputc             usart.o
    0x080051dc   0x080051dc   0x00000050   Code   RO         5219    i.free              mc_w.l(malloc.o)
    0x0800522c   0x0800522c   0x000000b4   Code   RO         4034    i.get_accel_prod_shift  inv_mpu.o
    0x080052e0   0x080052e0   0x00000470   Code   RO         4035    i.get_st_biases     inv_mpu.o
    0x08005750   0x08005750   0x00000110   Code   RO         4036    i.gyro_self_test    inv_mpu.o
    0x08005860   0x08005860   0x00000028   Code   RO         4037    i.inv_orientation_matrix_to_scalar  inv_mpu.o
    0x08005888   0x08005888   0x0000004e   Code   RO         4038    i.inv_row_2_scale   inv_mpu.o
    0x080058d6   0x080058d6   0x00000002   PAD
    0x080058d8   0x080058d8   0x000001cc   Code   RO            6    i.main              main.o
    0x08005aa4   0x08005aa4   0x0000006c   Code   RO         5220    i.malloc            mc_w.l(malloc.o)
    0x08005b10   0x08005b10   0x00000070   Code   RO         4040    i.mpu_configure_fifo  inv_mpu.o
    0x08005b80   0x08005b80   0x000000a0   Code   RO         4042    i.mpu_dmp_init      inv_mpu.o
    0x08005c20   0x08005c20   0x0000004c   Code   RO         4043    i.mpu_get_accel_fsr  inv_mpu.o
    0x08005c6c   0x08005c6c   0x00000054   Code   RO         4045    i.mpu_get_accel_sens  inv_mpu.o
    0x08005cc0   0x08005cc0   0x00000010   Code   RO         4050    i.mpu_get_fifo_config  inv_mpu.o
    0x08005cd0   0x08005cd0   0x00000044   Code   RO         4051    i.mpu_get_gyro_fsr  inv_mpu.o
    0x08005d14   0x08005d14   0x00000050   Code   RO         4053    i.mpu_get_gyro_sens  inv_mpu.o
    0x08005d64   0x08005d64   0x00000050   Code   RO         4055    i.mpu_get_lpf       inv_mpu.o
    0x08005db4   0x08005db4   0x00000020   Code   RO         4057    i.mpu_get_sample_rate  inv_mpu.o
    0x08005dd4   0x08005dd4   0x000001f0   Code   RO         4059    i.mpu_init          inv_mpu.o
    0x08005fc4   0x08005fc4   0x000000b8   Code   RO         4060    i.mpu_load_firmware  inv_mpu.o
    0x0800607c   0x0800607c   0x000000e0   Code   RO         4061    i.mpu_lp_accel_mode  inv_mpu.o
    0x0800615c   0x0800615c   0x00000080   Code   RO         4065    i.mpu_read_mem      inv_mpu.o
    0x080061dc   0x080061dc   0x000001c8   Code   RO         4068    i.mpu_reset_fifo    inv_mpu.o
    0x080063a4   0x080063a4   0x0000011c   Code   RO         4069    i.mpu_run_self_test  inv_mpu.o
    0x080064c0   0x080064c0   0x00000084   Code   RO         4071    i.mpu_set_accel_fsr  inv_mpu.o
    0x08006544   0x08006544   0x0000014c   Code   RO         4072    i.mpu_set_bypass    inv_mpu.o
    0x08006690   0x08006690   0x00000090   Code   RO         4074    i.mpu_set_dmp_state  inv_mpu.o
    0x08006720   0x08006720   0x00000088   Code   RO         4075    i.mpu_set_gyro_fsr  inv_mpu.o
    0x080067a8   0x080067a8   0x0000006c   Code   RO         4076    i.mpu_set_int_latched  inv_mpu.o
    0x08006814   0x08006814   0x00000084   Code   RO         4078    i.mpu_set_lpf       inv_mpu.o
    0x08006898   0x08006898   0x0000009c   Code   RO         4079    i.mpu_set_sample_rate  inv_mpu.o
    0x08006934   0x08006934   0x000000d0   Code   RO         4080    i.mpu_set_sensors   inv_mpu.o
    0x08006a04   0x08006a04   0x00000080   Code   RO         4081    i.mpu_write_mem     inv_mpu.o
    0x08006a84   0x08006a84   0x000009d8   Code   RO         4916    i.pow               m_ws.l(pow.o)
    0x0800745c   0x0800745c   0x00000034   Code   RO         3648    i.readConvertRegister  bsp_ads1115.o
    0x08007490   0x08007490   0x0000008e   Code   RO         4082    i.run_self_test     inv_mpu.o
    0x0800751e   0x0800751e   0x00000002   PAD
    0x08007520   0x08007520   0x00000090   Code   RO         4083    i.set_int_enable    inv_mpu.o
    0x080075b0   0x080075b0   0x0000004c   Code   RO         4926    i.sqrt              m_ws.l(sqrt.o)
    0x080075fc   0x080075fc   0x00000108   Code   RO         3767    i.usart2_init       usart2.o
    0x08007704   0x08007704   0x00000054   Code   RO         3649    i.writeRegister     bsp_ads1115.o
    0x08007758   0x08007758   0x00000818   Data   RO         3509    .constdata          oled_i2c.o
    0x08007f70   0x08007f70   0x00000050   Data   RO         4085    .constdata          inv_mpu.o
    0x08007fc0   0x08007fc0   0x00000bf6   Data   RO         4396    .constdata          inv_mpu_dmp_motion_driver.o
    0x08008bb6   0x08008bb6   0x00000002   PAD
    0x08008bb8   0x08008bb8   0x00000088   Data   RO         4917    .constdata          m_ws.l(pow.o)
    0x08008c40   0x08008c40   0x00000008   Data   RO         5311    .constdata          m_ws.l(qnan.o)
    0x08008c48   0x08008c48   0x0000004d   Data   RO         4086    .conststring        inv_mpu.o
    0x08008c95   0x08008c95   0x00000003   PAD
    0x08008c98   0x08008c98   0x00000020   Data   RO         5394    Region$$Table       anon$$obj.o


    Execution Region ER_RW (Exec base: 0x20000000, Load base: 0x08008cb8, Size: 0x000001cc, Max: 0xffffffff, ABSOLUTE, COMPRESSED[0x00000118])

    Exec Addr    Load Addr    Size         Type   Attr      Idx    E Section Name        Object

    0x20000000   COMPRESSED   0x0000003d   Data   RW            8    .data               main.o
    0x2000003d   COMPRESSED   0x00000003   PAD
    0x20000040   COMPRESSED   0x00000014   Data   RW          350    .data               system_stm32f10x.o
    0x20000054   COMPRESSED   0x00000004   Data   RW          383    .data               delay.o
    0x20000058   COMPRESSED   0x00000006   Data   RW          472    .data               usart.o
    0x2000005e   COMPRESSED   0x00000014   Data   RW         2122    .data               stm32f10x_rcc.o
    0x20000072   COMPRESSED   0x00000002   PAD
    0x20000074   COMPRESSED   0x00000104   Data   RW         3510    .data               oled_i2c.o
    0x20000178   COMPRESSED   0x00000003   Data   RW         3650    .data               bsp_ads1115.o
    0x2000017b   COMPRESSED   0x00000006   Data   RW         3769    .data               usart2.o
    0x20000181   COMPRESSED   0x00000003   PAD
    0x20000184   COMPRESSED   0x00000035   Data   RW         4087    .data               inv_mpu.o
    0x200001b9   COMPRESSED   0x00000001   PAD
    0x200001ba   COMPRESSED   0x00000004   Data   RW         4612    .data               esp8266.o
    0x200001be   COMPRESSED   0x00000002   PAD
    0x200001c0   COMPRESSED   0x00000004   Data   RW         5336    .data               mc_w.l(mvars.o)
    0x200001c4   COMPRESSED   0x00000004   Data   RW         5337    .data               mc_w.l(mvars.o)
    0x200001c8   COMPRESSED   0x00000004   Data   RW         5341    .data               mc_w.l(errno.o)


    Execution Region ER_ZI (Exec base: 0x200001cc, Load base: 0x08008dd0, Size: 0x00000eec, Max: 0xffffffff, ABSOLUTE)

    Exec Addr    Load Addr    Size         Type   Attr      Idx    E Section Name        Object

    0x200001cc        -       0x000001fb   Zero   RW            7    .bss                main.o
    0x200003c7        -       0x000000c8   Zero   RW          471    .bss                usart.o
    0x2000048f        -       0x00000380   Zero   RW         3508    .bss                oled_i2c.o
    0x2000080f   0x08008dd0   0x00000001   PAD
    0x20000810        -       0x00000214   Zero   RW         3768    .bss                usart2.o
    0x20000a24        -       0x00000010   Zero   RW         4395    .bss                inv_mpu_dmp_motion_driver.o
    0x20000a34        -       0x00000080   Zero   RW         4611    .bss                esp8266.o
    0x20000ab4   0x08008dd0   0x00000004   PAD
    0x20000ab8        -       0x00000200   Zero   RW          519    HEAP                startup_stm32f10x_md.o
    0x20000cb8        -       0x00000400   Zero   RW          518    STACK               startup_stm32f10x_md.o


==============================================================================

Image component sizes


      Code (inc. data)   RO Data    RW Data    ZI Data      Debug   Object Name

       238         14          0          0          0       1803   adc.o
        52          6          0          0          0        500   beep.o
      1074        110          0          3          0      13145   bsp_ads1115.o
       220         26          0          4          0     214283   delay.o
      1048        298          0          4        128       6693   esp8266.o
      6116        280        157         53          0      28736   inv_mpu.o
      2232        108       3062          0         16      17865   inv_mpu_dmp_motion_driver.o
       144         14          0          0          0        539   led.o
      1270        286          0         61        507     211557   main.o
       172         22          0          0          0       2129   misc.o
       704          0          0          0          0       6863   mpu6050.o
       570         82          0          0          0       5765   mpuiic.o
      1560         20          0          0          0      10439   mqttkit.o
      1544         66       2072        260        896      10567   oled_i2c.o
       948        480          0          0          0       3992   onenet.o
        36          8        236          0       1536        800   startup_stm32f10x_md.o
       486         24          0          0          0       8822   stm32f10x_adc.o
       420          8          0          0          0       4075   stm32f10x_dma.o
       314          0          0          0          0       4348   stm32f10x_gpio.o
       430         14          0          0          0       6766   stm32f10x_i2c.o
        26          0          0          0          0      65294   stm32f10x_it.o
       364         50          0         20          0       6266   stm32f10x_rcc.o
       246         42          0          0          0       3658   stm32f10x_tim.o
       508          6          0          0          0       8152   stm32f10x_usart.o
         0          0          0          0          0         32   sys.o
       328         28          0         20          0       2177   system_stm32f10x.o
       192         10          0          0          0       1138   time.o
       324         26          0          6        200       3742   usart.o
       432         42          0          6        532       2402   usart2.o

    ----------------------------------------------------------------------
     22042       2070       5564        448       3820     652548   Object Totals
         0          0         32          0          0          0   (incl. Generated)
        44          0          5         11          5          0   (incl. Padding)

    ----------------------------------------------------------------------

      Code (inc. data)   RO Data    RW Data    ZI Data      Debug   Library Member Name

        62         10          0          0          0        340   dunder.o
        40          0          0          0          0         68   fpclassify.o
       170          0          0          0          0         96   poly.o
      2520        190        136          0          0        324   pow.o
         0          0          8          0          0          0   qnan.o
        76          0          0          0          0         84   sqrt.o
        86          0          0          0          0          0   __dczerorl2.o
         0          0          0          0          0          0   entry.o
         0          0          0          0          0          0   entry10a.o
         0          0          0          0          0          0   entry11a.o
         8          4          0          0          0          0   entry2.o
         4          0          0          0          0          0   entry5.o
         0          0          0          0          0          0   entry7b.o
         0          0          0          0          0          0   entry8b.o
         8          4          0          0          0          0   entry9a.o
        12          6          0          4          0         68   errno.o
        30          0          0          0          0          0   handlers.o
        36          8          0          0          0         68   init.o
         0          0          0          0          0          0   iusefp.o
        98          0          0          0          0         84   ldiv.o
        30          0          0          0          0         68   llshl.o
        36          0          0          0          0         68   llsshr.o
        32          0          0          0          0         68   llushr.o
       188         20          0          0          0        160   malloc.o
        26          0          0          0          0         80   memcmp.o
        36          0          0          0          0         68   memcpya.o
        36          0          0          0          0        108   memseta.o
         0          0          0          8          0          0   mvars.o
      2308         96          0          0          0        604   printfa.o
        24          0          0          0          0         68   strcat.o
        20          0          0          0          0         68   strchr.o
        18          0          0          0          0         68   strcpy.o
        14          0          0          0          0         68   strlen.o
        40          0          0          0          0         76   strncat.o
        36          0          0          0          0         80   strstr.o
        44          0          0          0          0         80   uidiv.o
        98          0          0          0          0         92   uldiv.o
        48          0          0          0          0         68   cdrcmple.o
        20          0          0          0          0         68   cfcmple.o
        20          0          0          0          0         68   cfrcmple.o
        56          0          0          0          0         88   d2f.o
       334          0          0          0          0        148   dadd.o
       222          0          0          0          0        100   ddiv.o
       186          0          0          0          0        176   depilogue.o
        62          0          0          0          0         80   dfixi.o
        48          0          0          0          0         68   dfixul.o
        34          0          0          0          0         76   dflti.o
       228          0          0          0          0         96   dmul.o
        46          0          0          0          0         80   dscalb.o
       162          0          0          0          0        100   dsqrt.o
        38          0          0          0          0         68   f2d.o
       176          0          0          0          0        140   fadd.o
       124          0          0          0          0         88   fdiv.o
       110          0          0          0          0        168   fepilogue.o
        50          0          0          0          0         68   ffixi.o
        40          0          0          0          0         68   ffixui.o
        18          0          0          0          0         68   fflti.o
        10          0          0          0          0         68   ffltui.o
       100          0          0          0          0         76   fmul.o

    ----------------------------------------------------------------------
      8274        338        144         12          0       4984   Library Totals
         6          0          0          0          0          0   (incl. Padding)

    ----------------------------------------------------------------------

      Code (inc. data)   RO Data    RW Data    ZI Data      Debug   Library Name

      2868        200        144          0          0        912   m_ws.l
      3268        138          0         12          0       2044   mc_w.l
      2132          0          0          0          0       2028   mf_w.l

    ----------------------------------------------------------------------
      8274        338        144         12          0       4984   Library Totals

    ----------------------------------------------------------------------

==============================================================================


      Code (inc. data)   RO Data    RW Data    ZI Data      Debug   

     30316       2408       5708        460       3820     644400   Grand Totals
     30316       2408       5708        280       3820     644400   ELF Image Totals (compressed)
     30316       2408       5708        280          0          0   ROM Totals

==============================================================================

    Total RO  Size (Code + RO Data)                36024 (  35.18kB)
    Total RW  Size (RW Data + ZI Data)              4280 (   4.18kB)
    Total ROM Size (Code + RO Data + RW Data)      36304 (  35.45kB)

==============================================================================

